###############################################################################
#
# IAR ELF Linker V7.40.3.8902/W32 for ARM                 27/Jan/2016  13:58:59
# Copyright 2007-2015 IAR Systems AB.
#
#    Output file  =  
#        C:\devel\Walter\Github\SonarBoard\Firmware\SonarBoard\EWARM\SonarBoard
#        Configuration\Exe\SonarBoard Configuration.out
#    Map file     =  
#        C:\devel\Walter\Github\SonarBoard\Firmware\SonarBoard\EWARM\SonarBoard
#        Configuration/List\SonarBoard Configuration.map
#    Command line =  
#        "C:\devel\Walter\Github\SonarBoard\Firmware\SonarBoard\EWARM\SonarBoard
#        Configuration\Obj\gpio.o"
#        "C:\devel\Walter\Github\SonarBoard\Firmware\SonarBoard\EWARM\SonarBoard
#        Configuration\Obj\leds_handler.o"
#        "C:\devel\Walter\Github\SonarBoard\Firmware\SonarBoard\EWARM\SonarBoard
#        Configuration\Obj\main.o"
#        "C:\devel\Walter\Github\SonarBoard\Firmware\SonarBoard\EWARM\SonarBoard
#        Configuration\Obj\ser_handler.o"
#        "C:\devel\Walter\Github\SonarBoard\Firmware\SonarBoard\EWARM\SonarBoard
#        Configuration\Obj\sonar_handler.o"
#        "C:\devel\Walter\Github\SonarBoard\Firmware\SonarBoard\EWARM\SonarBoard
#        Configuration\Obj\startup_stm32f401xe.o"
#        "C:\devel\Walter\Github\SonarBoard\Firmware\SonarBoard\EWARM\SonarBoard
#        Configuration\Obj\stm32f4xx_hal.o"
#        "C:\devel\Walter\Github\SonarBoard\Firmware\SonarBoard\EWARM\SonarBoard
#        Configuration\Obj\stm32f4xx_hal_cortex.o"
#        "C:\devel\Walter\Github\SonarBoard\Firmware\SonarBoard\EWARM\SonarBoard
#        Configuration\Obj\stm32f4xx_hal_dma.o"
#        "C:\devel\Walter\Github\SonarBoard\Firmware\SonarBoard\EWARM\SonarBoard
#        Configuration\Obj\stm32f4xx_hal_dma_ex.o"
#        "C:\devel\Walter\Github\SonarBoard\Firmware\SonarBoard\EWARM\SonarBoard
#        Configuration\Obj\stm32f4xx_hal_flash.o"
#        "C:\devel\Walter\Github\SonarBoard\Firmware\SonarBoard\EWARM\SonarBoard
#        Configuration\Obj\stm32f4xx_hal_flash_ex.o"
#        "C:\devel\Walter\Github\SonarBoard\Firmware\SonarBoard\EWARM\SonarBoard
#        Configuration\Obj\stm32f4xx_hal_flash_ramfunc.o"
#        "C:\devel\Walter\Github\SonarBoard\Firmware\SonarBoard\EWARM\SonarBoard
#        Configuration\Obj\stm32f4xx_hal_gpio.o"
#        "C:\devel\Walter\Github\SonarBoard\Firmware\SonarBoard\EWARM\SonarBoard
#        Configuration\Obj\stm32f4xx_hal_msp.o"
#        "C:\devel\Walter\Github\SonarBoard\Firmware\SonarBoard\EWARM\SonarBoard
#        Configuration\Obj\stm32f4xx_hal_pwr.o"
#        "C:\devel\Walter\Github\SonarBoard\Firmware\SonarBoard\EWARM\SonarBoard
#        Configuration\Obj\stm32f4xx_hal_pwr_ex.o"
#        "C:\devel\Walter\Github\SonarBoard\Firmware\SonarBoard\EWARM\SonarBoard
#        Configuration\Obj\stm32f4xx_hal_rcc.o"
#        "C:\devel\Walter\Github\SonarBoard\Firmware\SonarBoard\EWARM\SonarBoard
#        Configuration\Obj\stm32f4xx_hal_rcc_ex.o"
#        "C:\devel\Walter\Github\SonarBoard\Firmware\SonarBoard\EWARM\SonarBoard
#        Configuration\Obj\stm32f4xx_hal_tim.o"
#        "C:\devel\Walter\Github\SonarBoard\Firmware\SonarBoard\EWARM\SonarBoard
#        Configuration\Obj\stm32f4xx_hal_tim_ex.o"
#        "C:\devel\Walter\Github\SonarBoard\Firmware\SonarBoard\EWARM\SonarBoard
#        Configuration\Obj\stm32f4xx_hal_uart.o"
#        "C:\devel\Walter\Github\SonarBoard\Firmware\SonarBoard\EWARM\SonarBoard
#        Configuration\Obj\stm32f4xx_it.o"
#        "C:\devel\Walter\Github\SonarBoard\Firmware\SonarBoard\EWARM\SonarBoard
#        Configuration\Obj\system_stm32f4xx.o"
#        "C:\devel\Walter\Github\SonarBoard\Firmware\SonarBoard\EWARM\SonarBoard
#        Configuration\Obj\tim.o"
#        "C:\devel\Walter\Github\SonarBoard\Firmware\SonarBoard\EWARM\SonarBoard
#        Configuration\Obj\tim_handler.o"
#        "C:\devel\Walter\Github\SonarBoard\Firmware\SonarBoard\EWARM\SonarBoard
#        Configuration\Obj\usart.o" --redirect _Printf=_PrintfFull --redirect
#        _Scanf=_ScanfFull -o
#        "C:\devel\Walter\Github\SonarBoard\Firmware\SonarBoard\EWARM\SonarBoard
#        Configuration\Exe\SonarBoard Configuration.out" --map
#        "C:\devel\Walter\Github\SonarBoard\Firmware\SonarBoard\EWARM\SonarBoard
#        Configuration/List\SonarBoard Configuration.map" --config
#        C:\devel\Walter\Github\SonarBoard\Firmware\SonarBoard\EWARM/stm32f401xe_flash.icf
#        --semihosting --entry __iar_program_start --vfe
#
###############################################################################

*******************************************************************************
*** RUNTIME MODEL ATTRIBUTES
***

CppFlavor       = *
__SystemLibrary = DLib


*******************************************************************************
*** PLACEMENT SUMMARY
***

"A1":  place at 0x08000000 { ro section .intvec };
"P1":  place in [from 0x08000000 to 0x0807ffff] { ro };
"P2":  place in [from 0x20000000 to 0x20017fff] { rw, block CSTACK, block HEAP };

  Section            Kind        Address    Size  Object
  -------            ----        -------    ----  ------
"A1":                                      0x194
  .intvec            ro code  0x08000000   0x194  startup_stm32f401xe.o [1]
                            - 0x08000194   0x194

"P1":                                     0x3724
  .text              ro code  0x08000194  0x16a4  stm32f4xx_hal_tim.o [1]
  .text              ro code  0x08001838   0x318  tim.o [1]
  .text              ro code  0x08001b50   0x112  main.o [1]
  .text              ro code  0x08001c64    0x40  tim_handler.o [1]
  .text              ro code  0x08001ca4   0x160  stm32f4xx_hal_tim_ex.o [1]
  .text              ro code  0x08001e04   0x1c8  stm32f4xx_hal_cortex.o [1]
  .text              ro code  0x08001fcc   0x31c  stm32f4xx_hal_gpio.o [1]
  .text              ro code  0x080022e8    0x84  stm32f4xx_hal.o [1]
  .text              ro code  0x0800236c    0x98  gpio.o [1]
  .text              ro code  0x08002404    0x88  usart.o [1]
  .text              ro code  0x0800248c   0x120  sonar_handler.o [1]
  .text              ro code  0x080025ac    0x54  ser_handler.o [1]
  .text              ro code  0x08002600   0x778  stm32f4xx_hal_rcc.o [1]
  .text              ro code  0x08002d78    0x14  leds_handler.o [1]
  .text              ro code  0x08002d8c    0x18  stm32f4xx_hal_msp.o [1]
  .text              ro code  0x08002da4   0x5cc  stm32f4xx_hal_uart.o [1]
  .text              ro code  0x08003370    0x4e  FltToDbl.o [4]
  .text              ro code  0x080033c0   0x1a2  DblMul.o [4]
  .text              ro code  0x08003564    0x90  DblToFlt.o [4]
  .text              ro code  0x080035f4    0x50  stm32f4xx_it.o [1]
  .text              ro code  0x08003644    0x50  system_stm32f4xx.o [1]
  .text              ro code  0x08003694    0x40  zero_init3.o [5]
  .text              ro code  0x080036d4    0x2c  copy_init3.o [5]
  .text              ro code  0x08003700    0x28  data_init.o [5]
  .text              ro code  0x08003728    0x22  fpinit_M.o [4]
  .iar.init_table    const    0x0800374c    0x24  - Linker created -
  .text              ro code  0x08003770    0x1a  cmain.o [5]
  .text              ro code  0x0800378a     0x4  low_level_init.o [3]
  .text              ro code  0x0800378e     0x4  exit.o [3]
  .text              ro code  0x08003794     0xa  cexit.o [5]
  .text              ro code  0x080037a0    0x14  exit.o [6]
  .text              ro code  0x080037b4    0x10  startup_stm32f401xe.o [1]
  .text              ro code  0x080037c4     0xc  cstartup_M.o [5]
  .text              ro code  0x080037d0     0x4  startup_stm32f401xe.o [1]
  .text              ro code  0x080037d4     0x4  startup_stm32f401xe.o [1]
  .text              ro code  0x080037d8     0x4  startup_stm32f401xe.o [1]
  .text              ro code  0x080037dc     0x4  startup_stm32f401xe.o [1]
  .text              ro code  0x080037e0     0x4  startup_stm32f401xe.o [1]
  .text              ro code  0x080037e4     0x4  startup_stm32f401xe.o [1]
  .text              ro code  0x080037e8     0x4  startup_stm32f401xe.o [1]
  .text              ro code  0x080037ec     0x4  startup_stm32f401xe.o [1]
  .text              ro code  0x080037f0     0x4  startup_stm32f401xe.o [1]
  .text              ro code  0x080037f4     0x4  startup_stm32f401xe.o [1]
  .text              ro code  0x080037f8     0x4  startup_stm32f401xe.o [1]
  .text              ro code  0x080037fc     0x4  startup_stm32f401xe.o [1]
  .text              ro code  0x08003800     0x4  startup_stm32f401xe.o [1]
  .text              ro code  0x08003804     0x4  startup_stm32f401xe.o [1]
  .text              ro code  0x08003808     0x4  startup_stm32f401xe.o [1]
  .text              ro code  0x0800380c     0x4  startup_stm32f401xe.o [1]
  .text              ro code  0x08003810     0x4  startup_stm32f401xe.o [1]
  .text              ro code  0x08003814     0x4  startup_stm32f401xe.o [1]
  .text              ro code  0x08003818     0x4  startup_stm32f401xe.o [1]
  .text              ro code  0x0800381c     0x4  startup_stm32f401xe.o [1]
  .text              ro code  0x08003820     0x4  startup_stm32f401xe.o [1]
  .text              ro code  0x08003824     0x4  startup_stm32f401xe.o [1]
  .text              ro code  0x08003828     0x4  startup_stm32f401xe.o [1]
  .text              ro code  0x0800382c     0x4  startup_stm32f401xe.o [1]
  .text              ro code  0x08003830     0x4  startup_stm32f401xe.o [1]
  .text              ro code  0x08003834     0x4  startup_stm32f401xe.o [1]
  .text              ro code  0x08003838     0x4  startup_stm32f401xe.o [1]
  .text              ro code  0x0800383c     0x4  startup_stm32f401xe.o [1]
  .text              ro code  0x08003840     0x4  startup_stm32f401xe.o [1]
  .text              ro code  0x08003844     0x4  startup_stm32f401xe.o [1]
  .text              ro code  0x08003848     0x4  startup_stm32f401xe.o [1]
  .text              ro code  0x0800384c     0x4  startup_stm32f401xe.o [1]
  .text              ro code  0x08003850     0x4  startup_stm32f401xe.o [1]
  .text              ro code  0x08003854     0x4  startup_stm32f401xe.o [1]
  .text              ro code  0x08003858     0x4  startup_stm32f401xe.o [1]
  .text              ro code  0x0800385c     0x4  startup_stm32f401xe.o [1]
  .text              ro code  0x08003860     0x4  startup_stm32f401xe.o [1]
  .text              ro code  0x08003864     0x4  startup_stm32f401xe.o [1]
  .text              ro code  0x08003868     0x4  startup_stm32f401xe.o [1]
  .text              ro code  0x0800386c     0x4  startup_stm32f401xe.o [1]
  .text              ro code  0x08003870     0x4  startup_stm32f401xe.o [1]
  .text              ro code  0x08003874     0x4  startup_stm32f401xe.o [1]
  .text              ro code  0x08003878     0x4  startup_stm32f401xe.o [1]
  .text              ro code  0x0800387c     0x4  startup_stm32f401xe.o [1]
  .text              ro code  0x08003880     0x4  startup_stm32f401xe.o [1]
  .text              ro code  0x08003884     0x4  startup_stm32f401xe.o [1]
  .text              ro code  0x08003888     0x4  startup_stm32f401xe.o [1]
  .text              ro code  0x0800388c     0x4  startup_stm32f401xe.o [1]
  .text              ro code  0x08003890     0x4  startup_stm32f401xe.o [1]
  .text              ro code  0x08003894     0x4  startup_stm32f401xe.o [1]
  .text              ro code  0x08003898     0x4  startup_stm32f401xe.o [1]
  .text              ro code  0x0800389c     0x4  startup_stm32f401xe.o [1]
  .text              ro code  0x080038a0     0x4  startup_stm32f401xe.o [1]
  .text              ro code  0x080038a4     0x4  startup_stm32f401xe.o [1]
  .text              ro code  0x080038a8     0x4  startup_stm32f401xe.o [1]
  .text              ro code  0x080038ac     0x4  startup_stm32f401xe.o [1]
  .text              ro code  0x080038b0     0x4  startup_stm32f401xe.o [1]
  .rodata            const    0x080038b4     0x0  zero_init3.o [5]
  .rodata            const    0x080038b4     0x0  copy_init3.o [5]
  Initializer bytes  const    0x080038b4     0x4  <for P2 s0>
                            - 0x080038b8  0x3724

"P2":                                      0x628
  P2 s0                       0x20000000     0x4  <Init block>
    .data            inited   0x20000000     0x4  system_stm32f4xx.o [1]
  .bss               zero     0x20000004    0x40  usart.o [1]
  .bss               zero     0x20000044    0x3c  tim.o [1]
  .bss               zero     0x20000080    0x3c  tim.o [1]
  .bss               zero     0x200000bc    0x3c  tim.o [1]
  .bss               zero     0x200000f8    0x3c  tim.o [1]
  .bss               zero     0x20000134    0x3c  tim.o [1]
  .bss               zero     0x20000170    0x3c  tim.o [1]
  .bss               zero     0x200001ac    0x3c  tim.o [1]
  .bss               zero     0x200001e8    0x20  ser_handler.o [1]
  .bss               zero     0x20000208    0x18  sonar_handler.o [1]
  .bss               zero     0x20000220     0x4  stm32f4xx_hal.o [1]
  CSTACK                      0x20000228   0x400  <Block>
    CSTACK           uninit   0x20000228   0x400  <Block tail>
                            - 0x20000628   0x628


*******************************************************************************
*** INIT TABLE
***

          Address     Size
          -------     ----
Zero (__iar_zero_init3)
    1 destination range, total size 0x220:
          0x20000004  0x220

Copy (__iar_copy_init3)
    1 source range, total size 0x4:
          0x080038b4    0x4
    1 destination range, total size 0x4:
          0x20000000    0x4



*******************************************************************************
*** MODULE SUMMARY
***

    Module                  ro code  ro data  rw data
    ------                  -------  -------  -------
C:\devel\Walter\Github\SonarBoard\Firmware\SonarBoard\EWARM\SonarBoard Configuration\Obj: [1]
    gpio.o                      152
    leds_handler.o               20
    main.o                      274
    ser_handler.o                84                32
    sonar_handler.o             288                24
    startup_stm32f401xe.o       648
    stm32f4xx_hal.o             132                 4
    stm32f4xx_hal_cortex.o      456
    stm32f4xx_hal_gpio.o        796
    stm32f4xx_hal_msp.o          24
    stm32f4xx_hal_rcc.o       1 912
    stm32f4xx_hal_tim.o       5 796
    stm32f4xx_hal_tim_ex.o      352
    stm32f4xx_hal_uart.o      1 484
    stm32f4xx_it.o               80
    system_stm32f4xx.o           80        4        4
    tim.o                       792               420
    tim_handler.o                64
    usart.o                     136                64
    -------------------------------------------------
    Total:                   13 570        4      548

command line: [2]
    -------------------------------------------------
    Total:

dl7M_tlf.a: [3]
    exit.o                        4
    low_level_init.o              4
    -------------------------------------------------
    Total:                        8

m7M_tls.a: [4]
    DblMul.o                    418
    DblToFlt.o                  144
    FltToDbl.o                   78
    fpinit_M.o                   34
    -------------------------------------------------
    Total:                      674

rt7M_tl.a: [5]
    cexit.o                      10
    cmain.o                      26
    copy_init3.o                 44
    cstartup_M.o                 12
    data_init.o                  40
    zero_init3.o                 64
    -------------------------------------------------
    Total:                      196

shb_l.a: [6]
    exit.o                       20
    -------------------------------------------------
    Total:                       20

    Gaps                         10        2
    Linker created                        36    1 024
-----------------------------------------------------
    Grand Total:             14 478       42    1 572


*******************************************************************************
*** ENTRY LIST
***

Entry                      Address   Size  Type      Object
-----                      -------   ----  ----      ------
.iar.init_table$$Base   0x0800374c          --   Gb  - Linker created -
.iar.init_table$$Limit  0x08003770          --   Gb  - Linker created -
?main                   0x08003771         Code  Gb  cmain.o [5]
APBAHBPrescTable        0x08002d68   0x10  Data  Gb  stm32f4xx_hal_rcc.o [1]
CSTACK$$Base            0x20000228          --   Gb  - Linker created -
CSTACK$$Limit           0x20000628          --   Gb  - Linker created -
HAL_Delay               0x0800234d   0x18  Code  Wk  stm32f4xx_hal.o [1]
HAL_GPIO_Init           0x08001fcd  0x26e  Code  Gb  stm32f4xx_hal_gpio.o [1]
HAL_GetTick             0x08002347    0x6  Code  Wk  stm32f4xx_hal.o [1]
HAL_IncTick             0x0800233d    0xa  Code  Wk  stm32f4xx_hal.o [1]
HAL_Init                0x080022e9   0x30  Code  Gb  stm32f4xx_hal.o [1]
HAL_InitTick            0x08002319   0x24  Code  Wk  stm32f4xx_hal.o [1]
HAL_MspInit             0x08002d8d   0x18  Code  Gb  stm32f4xx_hal_msp.o [1]
HAL_NVIC_EnableIRQ      0x08001ebf   0x14  Code  Gb  stm32f4xx_hal_cortex.o [1]
HAL_NVIC_SetPriority    0x08001e5d   0x62  Code  Gb  stm32f4xx_hal_cortex.o [1]
HAL_NVIC_SetPriorityGrouping
                        0x08001e23   0x3a  Code  Gb  stm32f4xx_hal_cortex.o [1]
HAL_RCC_CSSCallback     0x08002cf9    0x2  Code  Wk  stm32f4xx_hal_rcc.o [1]
HAL_RCC_ClockConfig     0x08002961  0x27e  Code  Gb  stm32f4xx_hal_rcc.o [1]
HAL_RCC_GetHCLKFreq     0x08002c61   0x20  Code  Gb  stm32f4xx_hal_rcc.o [1]
HAL_RCC_GetPCLK1Freq    0x08002c81   0x10  Code  Gb  stm32f4xx_hal_rcc.o [1]
HAL_RCC_GetPCLK2Freq    0x08002c91    0xe  Code  Gb  stm32f4xx_hal_rcc.o [1]
HAL_RCC_GetSysClockFreq
                        0x08002c1b   0x46  Code  Wk  stm32f4xx_hal_rcc.o [1]
HAL_RCC_NMI_IRQHandler  0x08002cb3   0x14  Code  Gb  stm32f4xx_hal_rcc.o [1]
HAL_RCC_OscConfig       0x08002601  0x34c  Code  Wk  stm32f4xx_hal_rcc.o [1]
HAL_SYSTICK_CLKSourceConfig
                        0x08001f15   0x24  Code  Gb  stm32f4xx_hal_cortex.o [1]
HAL_SYSTICK_Callback    0x08001f59    0x2  Code  Wk  stm32f4xx_hal_cortex.o [1]
HAL_SYSTICK_Config      0x08001edb   0x28  Code  Gb  stm32f4xx_hal_cortex.o [1]
HAL_SYSTICK_IRQHandler  0x08001f51    0x8  Code  Gb  stm32f4xx_hal_cortex.o [1]
HAL_TIMEx_BreakCallback
                        0x08001d87    0x2  Code  Wk  stm32f4xx_hal_tim_ex.o [1]
HAL_TIMEx_CommutationCallback
                        0x08001d85    0x2  Code  Wk  stm32f4xx_hal_tim_ex.o [1]
HAL_TIMEx_MasterConfigSynchronization
                        0x08001cad   0xaa  Code  Gb  stm32f4xx_hal_tim_ex.o [1]
HAL_TIM_Base_Init       0x08000195   0x86  Code  Gb  stm32f4xx_hal_tim.o [1]
HAL_TIM_Base_MspInit    0x08001991  0x14e  Code  Gb  tim.o [1]
HAL_TIM_Base_Start_IT   0x0800021b   0x52  Code  Gb  stm32f4xx_hal_tim.o [1]
HAL_TIM_ConfigClockSource
                        0x08000be1  0x3a0  Code  Gb  stm32f4xx_hal_tim.o [1]
HAL_TIM_IC_CaptureCallback
                        0x08001c73   0x1e  Code  Gb  tim_handler.o [1]
HAL_TIM_IC_ConfigChannel
                        0x080007af  0x1d8  Code  Gb  stm32f4xx_hal_tim.o [1]
HAL_TIM_IC_Init         0x08000401   0x8e  Code  Gb  stm32f4xx_hal_tim.o [1]
HAL_TIM_IC_MspInit      0x080004a1    0x2  Code  Wk  stm32f4xx_hal_tim.o [1]
HAL_TIM_IC_Start_IT     0x080004bb   0x8e  Code  Gb  stm32f4xx_hal_tim.o [1]
HAL_TIM_IRQHandler      0x08000665  0x14a  Code  Gb  stm32f4xx_hal_tim.o [1]
HAL_TIM_OC_DelayElapsedCallback
                        0x08001173    0x2  Code  Wk  stm32f4xx_hal_tim.o [1]
HAL_TIM_OnePulse_Init   0x08000571   0xc2  Code  Gb  stm32f4xx_hal_tim.o [1]
HAL_TIM_OnePulse_MspInit
                        0x08000633    0x2  Code  Wk  stm32f4xx_hal_tim.o [1]
HAL_TIM_PWM_ConfigChannel
                        0x08000995  0x1b4  Code  Gb  stm32f4xx_hal_tim.o [1]
HAL_TIM_PWM_Init        0x080002cb   0x8c  Code  Gb  stm32f4xx_hal_tim.o [1]
HAL_TIM_PWM_MspInit     0x08000373    0x2  Code  Wk  stm32f4xx_hal_tim.o [1]
HAL_TIM_PWM_PulseFinishedCallback
                        0x08001175    0x2  Code  Wk  stm32f4xx_hal_tim.o [1]
HAL_TIM_PWM_Start       0x08000375   0x58  Code  Gb  stm32f4xx_hal_tim.o [1]
HAL_TIM_PeriodElapsedCallback
                        0x08001c65    0xe  Code  Gb  tim_handler.o [1]
HAL_TIM_ReadCapturedValue
                        0x0800107f   0xf4  Code  Gb  stm32f4xx_hal_tim.o [1]
HAL_TIM_SlaveConfigSynchronization
                        0x08000fb3   0x92  Code  Gb  stm32f4xx_hal_tim.o [1]
HAL_TIM_TriggerCallback
                        0x08001177    0x2  Code  Wk  stm32f4xx_hal_tim.o [1]
HAL_UART_ErrorCallback  0x0800307f    0x2  Code  Wk  stm32f4xx_hal_uart.o [1]
HAL_UART_IRQHandler     0x08002f43  0x138  Code  Gb  stm32f4xx_hal_uart.o [1]
HAL_UART_Init           0x08002da5   0xb2  Code  Gb  stm32f4xx_hal_uart.o [1]
HAL_UART_MspInit        0x08002427   0x54  Code  Gb  usart.o [1]
HAL_UART_RxCpltCallback
                        0x0800307d    0x2  Code  Wk  stm32f4xx_hal_uart.o [1]
HAL_UART_Transmit       0x08002e89   0x90  Code  Gb  stm32f4xx_hal_uart.o [1]
HAL_UART_TxCpltCallback
                        0x0800307b    0x2  Code  Wk  stm32f4xx_hal_uart.o [1]
MX_GPIO_Init            0x0800236d   0x7c  Code  Gb  gpio.o [1]
MX_TIM10_Init           0x08001933    0x8  Code  Gb  tim.o [1]
MX_TIM11_Init           0x0800193b    0x6  Code  Gb  tim.o [1]
MX_TIM1_Init            0x08001839   0x1a  Code  Gb  tim.o [1]
MX_TIM2_Init            0x08001853    0xc  Code  Gb  tim.o [1]
MX_TIM3_Init            0x0800185f    0xa  Code  Gb  tim.o [1]
MX_TIM4_Init            0x080018e9    0x8  Code  Gb  tim.o [1]
MX_TIM5_Init            0x080018f1   0x42  Code  Gb  tim.o [1]
MX_USART2_UART_Init     0x08002405   0x22  Code  Gb  usart.o [1]
NMI_Handler             0x080035f5    0x4  Code  Gb  stm32f4xx_it.o [1]
NVIC_SetPriority        0x08001e05   0x1e  Code  Lc  stm32f4xx_hal_cortex.o [1]
Region$$Table$$Base     0x0800374c          --   Gb  - Linker created -
Region$$Table$$Limit    0x08003770          --   Gb  - Linker created -
SysTick_Handler         0x080035f9    0xe  Code  Gb  stm32f4xx_it.o [1]
SystemClock_Config      0x08001bad   0xa8  Code  Gb  main.o [1]
SystemCoreClock         0x20000000    0x4  Data  Gb  system_stm32f4xx.o [1]
SystemInit              0x08003645   0x3a  Code  Gb  system_stm32f4xx.o [1]
TIM1_CC_IRQHandler      0x08003607    0x6  Code  Gb  stm32f4xx_it.o [1]
TIM2_IRQHandler         0x0800360d    0x6  Code  Gb  stm32f4xx_it.o [1]
TIM3_IRQHandler         0x08003613    0x6  Code  Gb  stm32f4xx_it.o [1]
TIM4_IRQHandler         0x08003619    0x6  Code  Gb  stm32f4xx_it.o [1]
TIM5_IRQHandler         0x08003625    0x6  Code  Gb  stm32f4xx_it.o [1]
TIM_Base_SetConfig      0x08001179   0x78  Code  Gb  stm32f4xx_hal_tim.o [1]
TIM_CCxChannelCmd       0x080012b3   0x7a  Code  Gb  stm32f4xx_hal_tim.o [1]
TIM_ETR_SetConfig       0x080017b7   0x14  Code  Lc  stm32f4xx_hal_tim.o [1]
TIM_ITRx_SetConfig      0x080017a7   0x10  Code  Lc  stm32f4xx_hal_tim.o [1]
TIM_OC1_SetConfig       0x08001331   0x4c  Code  Lc  stm32f4xx_hal_tim.o [1]
TIM_OC2_SetConfig       0x0800124f   0x62  Code  Gb  stm32f4xx_hal_tim.o [1]
TIM_OC3_SetConfig       0x0800137d   0x9a  Code  Lc  stm32f4xx_hal_tim.o [1]
TIM_OC4_SetConfig       0x08001431   0x4e  Code  Lc  stm32f4xx_hal_tim.o [1]
TIM_SlaveTimer_SetConfig
                        0x08001495  0x26e  Code  Lc  stm32f4xx_hal_tim.o [1]
TIM_TI1_ConfigInputStage
                        0x0800172d   0x22  Code  Lc  stm32f4xx_hal_tim.o [1]
TIM_TI1_SetConfig       0x080011f1   0x5e  Code  Gb  stm32f4xx_hal_tim.o [1]
TIM_TI2_ConfigInputStage
                        0x08001783   0x24  Code  Lc  stm32f4xx_hal_tim.o [1]
TIM_TI2_SetConfig       0x0800174f   0x34  Code  Lc  stm32f4xx_hal_tim.o [1]
UART_Receive_IT         0x0800311b   0xa0  Code  Lc  stm32f4xx_hal_uart.o [1]
UART_SetConfig          0x080031bb  0x134  Code  Lc  stm32f4xx_hal_uart.o [1]
UART_WaitOnFlagUntilTimeout
                        0x08003081   0x8a  Code  Lc  stm32f4xx_hal_uart.o [1]
USART2_IRQHandler       0x0800361f    0x6  Code  Gb  stm32f4xx_it.o [1]
__aeabi_d2f             0x08003565         Code  Gb  DblToFlt.o [4]
__aeabi_dmul            0x080033c1         Code  Gb  DblMul.o [4]
__aeabi_f2d             0x08003371         Code  Gb  FltToDbl.o [4]
__cmain                 0x08003771         Code  Gb  cmain.o [5]
__exit                  0x080037a1   0x14  Code  Gb  exit.o [6]
__iar_copy_init3        0x080036d5   0x2c  Code  Gb  copy_init3.o [5]
__iar_data_init3        0x08003701   0x28  Code  Gb  data_init.o [5]
__iar_init_vfp          0x08003729         Code  Gb  fpinit_M.o [4]
__iar_program_start     0x080037c5         Code  Gb  cstartup_M.o [5]
__iar_zero_init3        0x08003695   0x40  Code  Gb  zero_init3.o [5]
__low_level_init        0x0800378b    0x4  Code  Gb  low_level_init.o [3]
__vector_table          0x08000000         Data  Gb  startup_stm32f401xe.o [1]
_call_main              0x0800377d         Code  Gb  cmain.o [5]
_exit                   0x08003795         Code  Gb  cexit.o [5]
_main                   0x08003787         Code  Gb  cmain.o [5]
assert_failed           0x08001c61    0x2  Code  Gb  main.o [1]
distValid               0x20000208    0x4  Data  Gb  sonar_handler.o [1]
distances               0x2000020c   0x10  Data  Gb  sonar_handler.o [1]
exit                    0x0800378f    0x4  Code  Gb  exit.o [3]
htim1                   0x20000044   0x3c  Data  Gb  tim.o [1]
htim10                  0x20000170   0x3c  Data  Gb  tim.o [1]
htim11                  0x200001ac   0x3c  Data  Gb  tim.o [1]
htim2                   0x20000080   0x3c  Data  Gb  tim.o [1]
htim3                   0x200000bc   0x3c  Data  Gb  tim.o [1]
htim4                   0x200000f8   0x3c  Data  Gb  tim.o [1]
htim5                   0x20000134   0x3c  Data  Gb  tim.o [1]
huart2                  0x20000004   0x40  Data  Gb  usart.o [1]
initSerOutput           0x080025ad   0x14  Code  Gb  ser_handler.o [1]
initSonar               0x0800248d   0x56  Code  Gb  sonar_handler.o [1]
main                    0x08001b51   0x5c  Code  Gb  main.o [1]
onNewMeasureReceived    0x0800252b   0x58  Code  Gb  sonar_handler.o [1]
sendMeasures            0x080025c1   0x2a  Code  Gb  ser_handler.o [1]
ser_output              0x200001e8   0x20  Data  Lc  ser_handler.o [1]
sonarCount              0x2000021c    0x4  Data  Gb  sonar_handler.o [1]
toggleLedNucleo         0x08002d79    0xc  Code  Gb  leds_handler.o [1]
triggerSonar            0x080024e5   0x46  Code  Gb  sonar_handler.o [1]
uwTick                  0x20000220    0x4  Data  Lc  stm32f4xx_hal.o [1]


[1] = C:\devel\Walter\Github\SonarBoard\Firmware\SonarBoard\EWARM\SonarBoard Configuration\Obj
[2] = command line
[3] = dl7M_tlf.a
[4] = m7M_tls.a
[5] = rt7M_tl.a
[6] = shb_l.a

  14 478 bytes of readonly  code memory
      42 bytes of readonly  data memory
   1 572 bytes of readwrite data memory

Errors: none
Warnings: none
