###############################################################################
#
# IAR ELF Linker V7.40.3.8902/W32 for ARM                 27/Jan/2016  17:17:39
# Copyright 2007-2015 IAR Systems AB.
#
#    Output file  =  
#        C:\devel\Walter\Github\SonarBoard\Firmware\SonarBoard\EWARM\SonarBoard
#        Configuration\Exe\SonarBoard Configuration.out
#    Map file     =  
#        C:\devel\Walter\Github\SonarBoard\Firmware\SonarBoard\EWARM\SonarBoard
#        Configuration/List\SonarBoard Configuration.map
#    Command line =  
#        "C:\devel\Walter\Github\SonarBoard\Firmware\SonarBoard\EWARM\SonarBoard
#        Configuration\Obj\gpio.o"
#        "C:\devel\Walter\Github\SonarBoard\Firmware\SonarBoard\EWARM\SonarBoard
#        Configuration\Obj\leds_handler.o"
#        "C:\devel\Walter\Github\SonarBoard\Firmware\SonarBoard\EWARM\SonarBoard
#        Configuration\Obj\main.o"
#        "C:\devel\Walter\Github\SonarBoard\Firmware\SonarBoard\EWARM\SonarBoard
#        Configuration\Obj\ser_handler.o"
#        "C:\devel\Walter\Github\SonarBoard\Firmware\SonarBoard\EWARM\SonarBoard
#        Configuration\Obj\sonar_handler.o"
#        "C:\devel\Walter\Github\SonarBoard\Firmware\SonarBoard\EWARM\SonarBoard
#        Configuration\Obj\startup_stm32f401xe.o"
#        "C:\devel\Walter\Github\SonarBoard\Firmware\SonarBoard\EWARM\SonarBoard
#        Configuration\Obj\stm32f4xx_hal.o"
#        "C:\devel\Walter\Github\SonarBoard\Firmware\SonarBoard\EWARM\SonarBoard
#        Configuration\Obj\stm32f4xx_hal_cortex.o"
#        "C:\devel\Walter\Github\SonarBoard\Firmware\SonarBoard\EWARM\SonarBoard
#        Configuration\Obj\stm32f4xx_hal_dma.o"
#        "C:\devel\Walter\Github\SonarBoard\Firmware\SonarBoard\EWARM\SonarBoard
#        Configuration\Obj\stm32f4xx_hal_dma_ex.o"
#        "C:\devel\Walter\Github\SonarBoard\Firmware\SonarBoard\EWARM\SonarBoard
#        Configuration\Obj\stm32f4xx_hal_flash.o"
#        "C:\devel\Walter\Github\SonarBoard\Firmware\SonarBoard\EWARM\SonarBoard
#        Configuration\Obj\stm32f4xx_hal_flash_ex.o"
#        "C:\devel\Walter\Github\SonarBoard\Firmware\SonarBoard\EWARM\SonarBoard
#        Configuration\Obj\stm32f4xx_hal_flash_ramfunc.o"
#        "C:\devel\Walter\Github\SonarBoard\Firmware\SonarBoard\EWARM\SonarBoard
#        Configuration\Obj\stm32f4xx_hal_gpio.o"
#        "C:\devel\Walter\Github\SonarBoard\Firmware\SonarBoard\EWARM\SonarBoard
#        Configuration\Obj\stm32f4xx_hal_msp.o"
#        "C:\devel\Walter\Github\SonarBoard\Firmware\SonarBoard\EWARM\SonarBoard
#        Configuration\Obj\stm32f4xx_hal_pwr.o"
#        "C:\devel\Walter\Github\SonarBoard\Firmware\SonarBoard\EWARM\SonarBoard
#        Configuration\Obj\stm32f4xx_hal_pwr_ex.o"
#        "C:\devel\Walter\Github\SonarBoard\Firmware\SonarBoard\EWARM\SonarBoard
#        Configuration\Obj\stm32f4xx_hal_rcc.o"
#        "C:\devel\Walter\Github\SonarBoard\Firmware\SonarBoard\EWARM\SonarBoard
#        Configuration\Obj\stm32f4xx_hal_rcc_ex.o"
#        "C:\devel\Walter\Github\SonarBoard\Firmware\SonarBoard\EWARM\SonarBoard
#        Configuration\Obj\stm32f4xx_hal_tim.o"
#        "C:\devel\Walter\Github\SonarBoard\Firmware\SonarBoard\EWARM\SonarBoard
#        Configuration\Obj\stm32f4xx_hal_tim_ex.o"
#        "C:\devel\Walter\Github\SonarBoard\Firmware\SonarBoard\EWARM\SonarBoard
#        Configuration\Obj\stm32f4xx_hal_uart.o"
#        "C:\devel\Walter\Github\SonarBoard\Firmware\SonarBoard\EWARM\SonarBoard
#        Configuration\Obj\stm32f4xx_it.o"
#        "C:\devel\Walter\Github\SonarBoard\Firmware\SonarBoard\EWARM\SonarBoard
#        Configuration\Obj\system_stm32f4xx.o"
#        "C:\devel\Walter\Github\SonarBoard\Firmware\SonarBoard\EWARM\SonarBoard
#        Configuration\Obj\tim.o"
#        "C:\devel\Walter\Github\SonarBoard\Firmware\SonarBoard\EWARM\SonarBoard
#        Configuration\Obj\tim_handler.o"
#        "C:\devel\Walter\Github\SonarBoard\Firmware\SonarBoard\EWARM\SonarBoard
#        Configuration\Obj\usart.o" --redirect _Printf=_PrintfFull --redirect
#        _Scanf=_ScanfFull -o
#        "C:\devel\Walter\Github\SonarBoard\Firmware\SonarBoard\EWARM\SonarBoard
#        Configuration\Exe\SonarBoard Configuration.out" --map
#        "C:\devel\Walter\Github\SonarBoard\Firmware\SonarBoard\EWARM\SonarBoard
#        Configuration/List\SonarBoard Configuration.map" --config
#        C:\devel\Walter\Github\SonarBoard\Firmware\SonarBoard\EWARM/stm32f401xe_flash.icf
#        --semihosting --entry __iar_program_start --vfe
#
###############################################################################

*******************************************************************************
*** RUNTIME MODEL ATTRIBUTES
***

CppFlavor       = *
__SystemLibrary = DLib


*******************************************************************************
*** PLACEMENT SUMMARY
***

"A1":  place at 0x08000000 { ro section .intvec };
"P1":  place in [from 0x08000000 to 0x0807ffff] { ro };
"P2":  place in [from 0x20000000 to 0x20017fff] { rw, block CSTACK, block HEAP };

  Section            Kind        Address    Size  Object
  -------            ----        -------    ----  ------
"A1":                                      0x194
  .intvec            ro code  0x08000000   0x194  startup_stm32f401xe.o [1]
                            - 0x08000194   0x194

"P1":                                     0x4be0
  .text              ro code  0x08000194  0x1e10  stm32f4xx_hal_tim.o [1]
  .text              ro code  0x08001fa4   0x11a  main.o [1]
  .text              ro code  0x080020c0   0x654  tim.o [1]
  .text              ro code  0x08002714    0x4c  tim_handler.o [1]
  .text              ro code  0x08002760   0x104  stm32f4xx_hal_tim_ex.o [1]
  .text              ro code  0x08002864    0x94  stm32f4xx_hal.o [1]
  .text              ro code  0x080028f8    0xd4  gpio.o [1]
  .text              ro code  0x080029cc    0xa8  usart.o [1]
  .text              ro code  0x08002a74   0x158  sonar_handler.o [1]
  .text              ro code  0x08002bcc    0x68  ser_handler.o [1]
  .text              ro code  0x08002c34   0xa4a  stm32f4xx_hal_rcc.o [1]
  .text              ro code  0x08003680   0x1de  stm32f4xx_hal_cortex.o [1]
  .text              ro code  0x08003860   0x3f8  stm32f4xx_hal_gpio.o [1]
  .text              ro code  0x08003c58    0x14  leds_handler.o [1]
  .text              ro code  0x08003c6c    0x16  stm32f4xx_hal_msp.o [1]
  .text              ro code  0x08003c84   0x85c  stm32f4xx_hal_uart.o [1]
  .text              ro code  0x080044e0    0x4e  FltToDbl.o [4]
  .text              ro code  0x08004530   0x1a2  DblMul.o [4]
  .text              ro code  0x080046d4    0x90  DblToFlt.o [4]
  .text              ro code  0x08004764    0x76  ABImemcpy_unaligned.o [5]
  .rodata            const    0x080047dc    0x70  stm32f4xx_hal_cortex.o [1]
  .rodata            const    0x0800484c    0x70  stm32f4xx_hal_tim_ex.o [1]
  .rodata            const    0x080048bc    0x6c  stm32f4xx_hal_gpio.o [1]
  .rodata            const    0x08004928    0x6c  stm32f4xx_hal_rcc.o [1]
  .rodata            const    0x08004994    0x6c  stm32f4xx_hal_tim.o [1]
  .rodata            const    0x08004a00    0x6c  stm32f4xx_hal_uart.o [1]
  .text              ro code  0x08004a6c    0x6c  system_stm32f4xx.o [1]
  .text              ro code  0x08004ad8    0x68  stm32f4xx_it.o [1]
  .text              ro code  0x08004b40    0x40  zero_init3.o [5]
  .text              ro code  0x08004b80    0x2c  copy_init3.o [5]
  .text              ro code  0x08004bac    0x28  data_init.o [5]
  .text              ro code  0x08004bd4    0x22  fpinit_M.o [4]
  .iar.init_table    const    0x08004bf8    0x24  - Linker created -
  .text              ro code  0x08004c1c    0x1a  cmain.o [5]
  .text              ro code  0x08004c36     0x4  low_level_init.o [3]
  .text              ro code  0x08004c3a     0x4  exit.o [3]
  .text              ro code  0x08004c40     0xa  cexit.o [5]
  .text              ro code  0x08004c4c    0x14  exit.o [6]
  .rodata            const    0x08004c60    0x10  stm32f4xx_hal_rcc.o [1]
  .text              ro code  0x08004c70    0x10  startup_stm32f401xe.o [1]
  .text              ro code  0x08004c80     0xc  cstartup_M.o [5]
  .text              ro code  0x08004c8c     0x4  startup_stm32f401xe.o [1]
  .text              ro code  0x08004c90     0x4  startup_stm32f401xe.o [1]
  .text              ro code  0x08004c94     0x4  startup_stm32f401xe.o [1]
  .text              ro code  0x08004c98     0x4  startup_stm32f401xe.o [1]
  .text              ro code  0x08004c9c     0x4  startup_stm32f401xe.o [1]
  .text              ro code  0x08004ca0     0x4  startup_stm32f401xe.o [1]
  .text              ro code  0x08004ca4     0x4  startup_stm32f401xe.o [1]
  .text              ro code  0x08004ca8     0x4  startup_stm32f401xe.o [1]
  .text              ro code  0x08004cac     0x4  startup_stm32f401xe.o [1]
  .text              ro code  0x08004cb0     0x4  startup_stm32f401xe.o [1]
  .text              ro code  0x08004cb4     0x4  startup_stm32f401xe.o [1]
  .text              ro code  0x08004cb8     0x4  startup_stm32f401xe.o [1]
  .text              ro code  0x08004cbc     0x4  startup_stm32f401xe.o [1]
  .text              ro code  0x08004cc0     0x4  startup_stm32f401xe.o [1]
  .text              ro code  0x08004cc4     0x4  startup_stm32f401xe.o [1]
  .text              ro code  0x08004cc8     0x4  startup_stm32f401xe.o [1]
  .text              ro code  0x08004ccc     0x4  startup_stm32f401xe.o [1]
  .text              ro code  0x08004cd0     0x4  startup_stm32f401xe.o [1]
  .text              ro code  0x08004cd4     0x4  startup_stm32f401xe.o [1]
  .text              ro code  0x08004cd8     0x4  startup_stm32f401xe.o [1]
  .text              ro code  0x08004cdc     0x4  startup_stm32f401xe.o [1]
  .text              ro code  0x08004ce0     0x4  startup_stm32f401xe.o [1]
  .text              ro code  0x08004ce4     0x4  startup_stm32f401xe.o [1]
  .text              ro code  0x08004ce8     0x4  startup_stm32f401xe.o [1]
  .text              ro code  0x08004cec     0x4  startup_stm32f401xe.o [1]
  .text              ro code  0x08004cf0     0x4  startup_stm32f401xe.o [1]
  .text              ro code  0x08004cf4     0x4  startup_stm32f401xe.o [1]
  .text              ro code  0x08004cf8     0x4  startup_stm32f401xe.o [1]
  .text              ro code  0x08004cfc     0x4  startup_stm32f401xe.o [1]
  .text              ro code  0x08004d00     0x4  startup_stm32f401xe.o [1]
  .text              ro code  0x08004d04     0x4  startup_stm32f401xe.o [1]
  .text              ro code  0x08004d08     0x4  startup_stm32f401xe.o [1]
  .text              ro code  0x08004d0c     0x4  startup_stm32f401xe.o [1]
  .text              ro code  0x08004d10     0x4  startup_stm32f401xe.o [1]
  .text              ro code  0x08004d14     0x4  startup_stm32f401xe.o [1]
  .text              ro code  0x08004d18     0x4  startup_stm32f401xe.o [1]
  .text              ro code  0x08004d1c     0x4  startup_stm32f401xe.o [1]
  .text              ro code  0x08004d20     0x4  startup_stm32f401xe.o [1]
  .text              ro code  0x08004d24     0x4  startup_stm32f401xe.o [1]
  .text              ro code  0x08004d28     0x4  startup_stm32f401xe.o [1]
  .text              ro code  0x08004d2c     0x4  startup_stm32f401xe.o [1]
  .text              ro code  0x08004d30     0x4  startup_stm32f401xe.o [1]
  .text              ro code  0x08004d34     0x4  startup_stm32f401xe.o [1]
  .text              ro code  0x08004d38     0x4  startup_stm32f401xe.o [1]
  .text              ro code  0x08004d3c     0x4  startup_stm32f401xe.o [1]
  .text              ro code  0x08004d40     0x4  startup_stm32f401xe.o [1]
  .text              ro code  0x08004d44     0x4  startup_stm32f401xe.o [1]
  .text              ro code  0x08004d48     0x4  startup_stm32f401xe.o [1]
  .text              ro code  0x08004d4c     0x4  startup_stm32f401xe.o [1]
  .text              ro code  0x08004d50     0x4  startup_stm32f401xe.o [1]
  .text              ro code  0x08004d54     0x4  startup_stm32f401xe.o [1]
  .text              ro code  0x08004d58     0x4  startup_stm32f401xe.o [1]
  .text              ro code  0x08004d5c     0x4  startup_stm32f401xe.o [1]
  .text              ro code  0x08004d60     0x4  startup_stm32f401xe.o [1]
  .text              ro code  0x08004d64     0x4  startup_stm32f401xe.o [1]
  .text              ro code  0x08004d68     0x4  startup_stm32f401xe.o [1]
  .text              ro code  0x08004d6c     0x4  startup_stm32f401xe.o [1]
  .rodata            const    0x08004d70     0x0  zero_init3.o [5]
  .rodata            const    0x08004d70     0x0  copy_init3.o [5]
  Initializer bytes  const    0x08004d70     0x4  <for P2 s0>
                            - 0x08004d74  0x4be0

"P2":                                      0x628
  P2 s0                       0x20000000     0x4  <Init block>
    .data            inited   0x20000000     0x4  system_stm32f4xx.o [1]
  .bss               zero     0x20000004    0x40  usart.o [1]
  .bss               zero     0x20000044    0x3c  tim.o [1]
  .bss               zero     0x20000080    0x3c  tim.o [1]
  .bss               zero     0x200000bc    0x3c  tim.o [1]
  .bss               zero     0x200000f8    0x3c  tim.o [1]
  .bss               zero     0x20000134    0x3c  tim.o [1]
  .bss               zero     0x20000170    0x3c  tim.o [1]
  .bss               zero     0x200001ac    0x3c  tim.o [1]
  .bss               zero     0x200001e8    0x20  ser_handler.o [1]
  .bss               zero     0x20000208    0x10  sonar_handler.o [1]
  .bss               zero     0x20000218     0x4  sonar_handler.o [1]
  .bss               zero     0x2000021c     0x4  sonar_handler.o [1]
  .bss               zero     0x20000220     0x4  stm32f4xx_hal.o [1]
  CSTACK                      0x20000228   0x400  <Block>
    CSTACK           uninit   0x20000228   0x400  <Block tail>
                            - 0x20000628   0x628


*******************************************************************************
*** INIT TABLE
***

          Address     Size
          -------     ----
Zero (__iar_zero_init3)
    1 destination range, total size 0x220:
          0x20000004  0x220

Copy (__iar_copy_init3)
    1 source range, total size 0x4:
          0x08004d70    0x4
    1 destination range, total size 0x4:
          0x20000000    0x4



*******************************************************************************
*** MODULE SUMMARY
***

    Module                  ro code  ro data  rw data
    ------                  -------  -------  -------
C:\devel\Walter\Github\SonarBoard\Firmware\SonarBoard\EWARM\SonarBoard Configuration\Obj: [1]
    gpio.o                      212
    leds_handler.o               20
    main.o                      282
    ser_handler.o               104                32
    sonar_handler.o             344                24
    startup_stm32f401xe.o       648
    stm32f4xx_hal.o             148                 4
    stm32f4xx_hal_cortex.o      478      112
    stm32f4xx_hal_gpio.o      1 016      108
    stm32f4xx_hal_msp.o          22
    stm32f4xx_hal_rcc.o       2 634      124
    stm32f4xx_hal_tim.o       7 696      108
    stm32f4xx_hal_tim_ex.o      260      112
    stm32f4xx_hal_uart.o      2 140      108
    stm32f4xx_it.o              104
    system_stm32f4xx.o          108        4        4
    tim.o                     1 620               420
    tim_handler.o                76
    usart.o                     168                64
    -------------------------------------------------
    Total:                   18 080      676      548

command line: [2]
    -------------------------------------------------
    Total:

dl7M_tlf.a: [3]
    exit.o                        4
    low_level_init.o              4
    -------------------------------------------------
    Total:                        8

m7M_tls.a: [4]
    DblMul.o                    418
    DblToFlt.o                  144
    FltToDbl.o                   78
    fpinit_M.o                   34
    -------------------------------------------------
    Total:                      674

rt7M_tl.a: [5]
    ABImemcpy_unaligned.o       118
    cexit.o                      10
    cmain.o                      26
    copy_init3.o                 44
    cstartup_M.o                 12
    data_init.o                  40
    zero_init3.o                 64
    -------------------------------------------------
    Total:                      314

shb_l.a: [6]
    exit.o                       20
    -------------------------------------------------
    Total:                       20

    Gaps                         16        4
    Linker created                        36    1 024
-----------------------------------------------------
    Grand Total:             19 112      716    1 572


*******************************************************************************
*** ENTRY LIST
***

Entry                      Address   Size  Type      Object
-----                      -------   ----  ----      ------
.iar.init_table$$Base   0x08004bf8          --   Gb  - Linker created -
.iar.init_table$$Limit  0x08004c1c          --   Gb  - Linker created -
?main                   0x08004c1d         Code  Gb  cmain.o [5]
APBAHBPrescTable        0x08004c60   0x10  Data  Gb  stm32f4xx_hal_rcc.o [1]
CSTACK$$Base            0x20000228          --   Gb  - Linker created -
CSTACK$$Limit           0x20000628          --   Gb  - Linker created -
HAL_Delay               0x080028d5   0x1a  Code  Wk  stm32f4xx_hal.o [1]
HAL_GPIO_Init           0x08003861  0x3aa  Code  Gb  stm32f4xx_hal_gpio.o [1]
HAL_GetTick             0x080028cf    0x6  Code  Wk  stm32f4xx_hal.o [1]
HAL_IncTick             0x080028c3    0xc  Code  Wk  stm32f4xx_hal.o [1]
HAL_Init                0x08002865   0x3a  Code  Gb  stm32f4xx_hal.o [1]
HAL_InitTick            0x0800289f   0x24  Code  Wk  stm32f4xx_hal.o [1]
HAL_MspInit             0x08003c6d   0x16  Code  Gb  stm32f4xx_hal_msp.o [1]
HAL_NVIC_EnableIRQ      0x080037d1   0x1e  Code  Gb  stm32f4xx_hal_cortex.o [1]
HAL_NVIC_SetPriority    0x0800378f   0x42  Code  Gb  stm32f4xx_hal_cortex.o [1]
HAL_NVIC_SetPriorityGrouping
                        0x08003765   0x2a  Code  Gb  stm32f4xx_hal_cortex.o [1]
HAL_RCC_CSSCallback     0x0800367d    0x2  Code  Wk  stm32f4xx_hal_rcc.o [1]
HAL_RCC_ClockConfig     0x080030ef  0x402  Code  Gb  stm32f4xx_hal_rcc.o [1]
HAL_RCC_GetHCLKFreq     0x0800359b   0x2c  Code  Gb  stm32f4xx_hal_rcc.o [1]
HAL_RCC_GetPCLK1Freq    0x080035c7   0x26  Code  Gb  stm32f4xx_hal_rcc.o [1]
HAL_RCC_GetPCLK2Freq    0x080035ed   0x26  Code  Gb  stm32f4xx_hal_rcc.o [1]
HAL_RCC_GetSysClockFreq
                        0x080034f1   0xaa  Code  Wk  stm32f4xx_hal_rcc.o [1]
HAL_RCC_NMI_IRQHandler  0x0800361d   0x16  Code  Gb  stm32f4xx_hal_rcc.o [1]
HAL_RCC_OscConfig       0x08002c35  0x4ba  Code  Wk  stm32f4xx_hal_rcc.o [1]
HAL_SYSTICK_CLKSourceConfig
                        0x080037fb   0x36  Code  Gb  stm32f4xx_hal_cortex.o [1]
HAL_SYSTICK_Callback    0x0800385d    0x2  Code  Wk  stm32f4xx_hal_cortex.o [1]
HAL_SYSTICK_Config      0x080037ef    0xc  Code  Gb  stm32f4xx_hal_cortex.o [1]
HAL_SYSTICK_IRQHandler  0x08003855    0x8  Code  Gb  stm32f4xx_hal_cortex.o [1]
HAL_TIMEx_BreakCallback
                        0x0800284b    0x2  Code  Wk  stm32f4xx_hal_tim_ex.o [1]
HAL_TIMEx_CommutationCallback
                        0x08002849    0x2  Code  Wk  stm32f4xx_hal_tim_ex.o [1]
HAL_TIMEx_MasterConfigSynchronization
                        0x08002761   0xe8  Code  Gb  stm32f4xx_hal_tim_ex.o [1]
HAL_TIM_Base_Init       0x08000195   0xd8  Code  Gb  stm32f4xx_hal_tim.o [1]
HAL_TIM_Base_MspInit    0x080024bf  0x210  Code  Gb  tim.o [1]
HAL_TIM_Base_Start_IT   0x0800026d   0x7a  Code  Gb  stm32f4xx_hal_tim.o [1]
HAL_TIM_ConfigClockSource
                        0x08000e7d  0x5e8  Code  Gb  stm32f4xx_hal_tim.o [1]
HAL_TIM_IC_CaptureCallback
                        0x08002727   0x24  Code  Gb  tim_handler.o [1]
HAL_TIM_IC_ConfigChannel
                        0x080009b3  0x250  Code  Gb  stm32f4xx_hal_tim.o [1]
HAL_TIM_IC_Init         0x080004f9   0xde  Code  Gb  stm32f4xx_hal_tim.o [1]
HAL_TIM_IC_MspInit      0x080005d7    0x2  Code  Wk  stm32f4xx_hal_tim.o [1]
HAL_TIM_IC_Start_IT     0x080005d9  0x11c  Code  Gb  stm32f4xx_hal_tim.o [1]
HAL_TIM_IRQHandler      0x0800083d  0x176  Code  Gb  stm32f4xx_hal_tim.o [1]
HAL_TIM_OC_DelayElapsedCallback
                        0x080016c5    0x2  Code  Wk  stm32f4xx_hal_tim.o [1]
HAL_TIM_OnePulse_Init   0x0800070d  0x108  Code  Gb  stm32f4xx_hal_tim.o [1]
HAL_TIM_OnePulse_MspInit
                        0x08000819    0x2  Code  Wk  stm32f4xx_hal_tim.o [1]
HAL_TIM_PWM_ConfigChannel
                        0x08000c03  0x256  Code  Gb  stm32f4xx_hal_tim.o [1]
HAL_TIM_PWM_Init        0x08000309   0xde  Code  Gb  stm32f4xx_hal_tim.o [1]
HAL_TIM_PWM_MspInit     0x080003e7    0x2  Code  Wk  stm32f4xx_hal_tim.o [1]
HAL_TIM_PWM_PulseFinishedCallback
                        0x080016c7    0x2  Code  Wk  stm32f4xx_hal_tim.o [1]
HAL_TIM_PWM_Start       0x080003e9   0xea  Code  Gb  stm32f4xx_hal_tim.o [1]
HAL_TIM_PeriodElapsedCallback
                        0x08002715   0x12  Code  Gb  tim_handler.o [1]
HAL_TIM_ReadCapturedValue
                        0x08001569  0x15c  Code  Gb  stm32f4xx_hal_tim.o [1]
HAL_TIM_SlaveConfigSynchronization
                        0x08001465   0xfa  Code  Gb  stm32f4xx_hal_tim.o [1]
HAL_TIM_TriggerCallback
                        0x080016c9    0x2  Code  Wk  stm32f4xx_hal_tim.o [1]
HAL_UART_ErrorCallback  0x0800400d    0x2  Code  Wk  stm32f4xx_hal_uart.o [1]
HAL_UART_IRQHandler     0x08003ea1  0x168  Code  Gb  stm32f4xx_hal_uart.o [1]
HAL_UART_Init           0x08003c85  0x120  Code  Gb  stm32f4xx_hal_uart.o [1]
HAL_UART_MspInit        0x08002a09   0x5c  Code  Gb  usart.o [1]
HAL_UART_RxCpltCallback
                        0x0800400b    0x2  Code  Wk  stm32f4xx_hal_uart.o [1]
HAL_UART_Transmit       0x08003da5   0xfc  Code  Gb  stm32f4xx_hal_uart.o [1]
HAL_UART_TxCpltCallback
                        0x08004009    0x2  Code  Wk  stm32f4xx_hal_uart.o [1]
MX_GPIO_Init            0x080028f9   0xd4  Code  Gb  gpio.o [1]
MX_TIM10_Init           0x080023e9   0x6c  Code  Gb  tim.o [1]
MX_TIM11_Init           0x08002455   0x6a  Code  Gb  tim.o [1]
MX_TIM1_Init            0x080020c1   0xb8  Code  Gb  tim.o [1]
MX_TIM2_Init            0x08002179   0xb0  Code  Gb  tim.o [1]
MX_TIM3_Init            0x08002229   0xb0  Code  Gb  tim.o [1]
MX_TIM4_Init            0x080022d9   0xb0  Code  Gb  tim.o [1]
MX_TIM5_Init            0x08002389   0x60  Code  Gb  tim.o [1]
MX_USART1_UART_Init     0x080029cd   0x3c  Code  Gb  usart.o [1]
NMI_Handler             0x08004ad9    0x8  Code  Gb  stm32f4xx_it.o [1]
NVIC_EnableIRQ          0x080036b1   0x16  Code  Lc  stm32f4xx_hal_cortex.o [1]
NVIC_EncodePriority     0x080036f1   0x3e  Code  Lc  stm32f4xx_hal_cortex.o [1]
NVIC_GetPriorityGrouping
                        0x080036a5    0xc  Code  Lc  stm32f4xx_hal_cortex.o [1]
NVIC_SetPriority        0x080036c7   0x2a  Code  Lc  stm32f4xx_hal_cortex.o [1]
NVIC_SetPriorityGrouping
                        0x08003681   0x24  Code  Lc  stm32f4xx_hal_cortex.o [1]
Region$$Table$$Base     0x08004bf8          --   Gb  - Linker created -
Region$$Table$$Limit    0x08004c1c          --   Gb  - Linker created -
SysTick_Config          0x0800372f   0x36  Code  Lc  stm32f4xx_hal_cortex.o [1]
SysTick_Handler         0x08004ae1    0xc  Code  Gb  stm32f4xx_it.o [1]
SystemClock_Config      0x08002001   0xb0  Code  Gb  main.o [1]
SystemCoreClock         0x20000000    0x4  Data  Gb  system_stm32f4xx.o [1]
SystemInit              0x08004a6d   0x4c  Code  Gb  system_stm32f4xx.o [1]
TIM1_CC_IRQHandler      0x08004aed    0xa  Code  Gb  stm32f4xx_it.o [1]
TIM2_IRQHandler         0x08004af7    0xa  Code  Gb  stm32f4xx_it.o [1]
TIM3_IRQHandler         0x08004b01    0xa  Code  Gb  stm32f4xx_it.o [1]
TIM4_IRQHandler         0x08004b0b    0xa  Code  Gb  stm32f4xx_it.o [1]
TIM5_IRQHandler         0x08004b1f    0xa  Code  Gb  stm32f4xx_it.o [1]
TIM_Base_SetConfig      0x080016cb   0xa0  Code  Gb  stm32f4xx_hal_tim.o [1]
TIM_CCxChannelCmd       0x08001875   0x82  Code  Gb  stm32f4xx_hal_tim.o [1]
TIM_ETR_SetConfig       0x08001f89   0x1c  Code  Lc  stm32f4xx_hal_tim.o [1]
TIM_ITRx_SetConfig      0x08001f73   0x16  Code  Lc  stm32f4xx_hal_tim.o [1]
TIM_OC1_SetConfig       0x08001905   0x62  Code  Lc  stm32f4xx_hal_tim.o [1]
TIM_OC2_SetConfig       0x080017e1   0x8a  Code  Gb  stm32f4xx_hal_tim.o [1]
TIM_OC3_SetConfig       0x0800196d   0xc0  Code  Lc  stm32f4xx_hal_tim.o [1]
TIM_OC4_SetConfig       0x08001a2d   0x78  Code  Lc  stm32f4xx_hal_tim.o [1]
TIM_SlaveTimer_SetConfig
                        0x08001aa5  0x39a  Code  Lc  stm32f4xx_hal_tim.o [1]
TIM_TI1_ConfigInputStage
                        0x08001e61   0x2c  Code  Lc  stm32f4xx_hal_tim.o [1]
TIM_TI1_SetConfig       0x0800176b   0x76  Code  Gb  stm32f4xx_hal_tim.o [1]
TIM_TI2_ConfigInputStage
                        0x08001ecb   0x2e  Code  Lc  stm32f4xx_hal_tim.o [1]
TIM_TI2_SetConfig       0x08001e8d   0x3e  Code  Lc  stm32f4xx_hal_tim.o [1]
TIM_TI3_SetConfig       0x08001ef9   0x3c  Code  Lc  stm32f4xx_hal_tim.o [1]
TIM_TI4_SetConfig       0x08001f35   0x3e  Code  Lc  stm32f4xx_hal_tim.o [1]
UART_EndTransmit_IT     0x0800417d   0x30  Code  Lc  stm32f4xx_hal_uart.o [1]
UART_Receive_IT         0x080041ad   0xc4  Code  Lc  stm32f4xx_hal_uart.o [1]
UART_SetConfig          0x08004271  0x25c  Code  Lc  stm32f4xx_hal_uart.o [1]
UART_Transmit_IT        0x08004103   0x7a  Code  Lc  stm32f4xx_hal_uart.o [1]
UART_WaitOnFlagUntilTimeout
                        0x08004021   0xe2  Code  Lc  stm32f4xx_hal_uart.o [1]
USART1_IRQHandler       0x08004b15    0xa  Code  Gb  stm32f4xx_it.o [1]
__aeabi_d2f             0x080046d5         Code  Gb  DblToFlt.o [4]
__aeabi_dmul            0x08004531         Code  Gb  DblMul.o [4]
__aeabi_f2d             0x080044e1         Code  Gb  FltToDbl.o [4]
__cmain                 0x08004c1d         Code  Gb  cmain.o [5]
__exit                  0x08004c4d   0x14  Code  Gb  exit.o [6]
__iar_copy_init3        0x08004b81   0x2c  Code  Gb  copy_init3.o [5]
__iar_data_init3        0x08004bad   0x28  Code  Gb  data_init.o [5]
__iar_init_vfp          0x08004bd5         Code  Gb  fpinit_M.o [4]
__iar_program_start     0x08004c81         Code  Gb  cstartup_M.o [5]
__iar_unaligned___aeabi_memcpy
                        0x08004765         Code  Gb  ABImemcpy_unaligned.o [5]
__iar_unaligned___aeabi_memcpy4
                        0x08004785         Code  Gb  ABImemcpy_unaligned.o [5]
__iar_unaligned___aeabi_memcpy8
                        0x08004785         Code  Gb  ABImemcpy_unaligned.o [5]
__iar_zero_init3        0x08004b41   0x40  Code  Gb  zero_init3.o [5]
__low_level_init        0x08004c37    0x4  Code  Gb  low_level_init.o [3]
__vector_table          0x08000000         Data  Gb  startup_stm32f401xe.o [1]
_call_main              0x08004c29         Code  Gb  cmain.o [5]
_exit                   0x08004c41         Code  Gb  cexit.o [5]
_main                   0x08004c33         Code  Gb  cmain.o [5]
assert_failed           0x080020bd    0x2  Code  Gb  main.o [1]
distValid               0x20000218    0x4  Data  Gb  sonar_handler.o [1]
distances               0x20000208   0x10  Data  Gb  sonar_handler.o [1]
exit                    0x08004c3b    0x4  Code  Gb  exit.o [3]
htim1                   0x20000044   0x3c  Data  Gb  tim.o [1]
htim10                  0x20000170   0x3c  Data  Gb  tim.o [1]
htim11                  0x200001ac   0x3c  Data  Gb  tim.o [1]
htim2                   0x20000080   0x3c  Data  Gb  tim.o [1]
htim3                   0x200000bc   0x3c  Data  Gb  tim.o [1]
htim4                   0x200000f8   0x3c  Data  Gb  tim.o [1]
htim5                   0x20000134   0x3c  Data  Gb  tim.o [1]
huart1                  0x20000004   0x40  Data  Gb  usart.o [1]
initSerOutput           0x08002bcd   0x1e  Code  Gb  ser_handler.o [1]
initSonar               0x08002a75   0x62  Code  Gb  sonar_handler.o [1]
main                    0x08001fa5   0x5c  Code  Gb  main.o [1]
onNewMeasureReceived    0x08002b27   0x74  Code  Gb  sonar_handler.o [1]
sendMeasures            0x08002beb   0x30  Code  Gb  ser_handler.o [1]
ser_output              0x200001e8   0x20  Data  Lc  ser_handler.o [1]
sonarCount              0x2000021c    0x4  Data  Gb  sonar_handler.o [1]
toggleLedNucleo         0x08003c59    0xe  Code  Gb  leds_handler.o [1]
triggerSonar            0x08002ad7   0x50  Code  Gb  sonar_handler.o [1]
uwTick                  0x20000220    0x4  Data  Lc  stm32f4xx_hal.o [1]


[1] = C:\devel\Walter\Github\SonarBoard\Firmware\SonarBoard\EWARM\SonarBoard Configuration\Obj
[2] = command line
[3] = dl7M_tlf.a
[4] = m7M_tls.a
[5] = rt7M_tl.a
[6] = shb_l.a

  19 112 bytes of readonly  code memory
     716 bytes of readonly  data memory
   1 572 bytes of readwrite data memory

Errors: none
Warnings: none
