###############################################################################
#
# IAR ELF Linker V7.40.3.8902/W32 for ARM                 15/Feb/2016  12:32:29
# Copyright 2007-2015 IAR Systems AB.
#
#    Output file  =  
#        C:\devel\Walter\Github\SonarBoard\Firmware\UltrasonicBumperBoard32\EWARM\UltrasonicBumperBoard32
#        Configuration\Exe\UltrasonicBumperBoard32 Configuration.out
#    Map file     =  
#        C:\devel\Walter\Github\SonarBoard\Firmware\UltrasonicBumperBoard32\EWARM\UltrasonicBumperBoard32
#        Configuration/List\UltrasonicBumperBoard32 Configuration.map
#    Command line =  
#        "C:\devel\Walter\Github\SonarBoard\Firmware\UltrasonicBumperBoard32\EWARM\UltrasonicBumperBoard32
#        Configuration\Obj\gpio.o"
#        "C:\devel\Walter\Github\SonarBoard\Firmware\UltrasonicBumperBoard32\EWARM\UltrasonicBumperBoard32
#        Configuration\Obj\leds_handler.o"
#        "C:\devel\Walter\Github\SonarBoard\Firmware\UltrasonicBumperBoard32\EWARM\UltrasonicBumperBoard32
#        Configuration\Obj\main.o"
#        "C:\devel\Walter\Github\SonarBoard\Firmware\UltrasonicBumperBoard32\EWARM\UltrasonicBumperBoard32
#        Configuration\Obj\ser_handler.o"
#        "C:\devel\Walter\Github\SonarBoard\Firmware\UltrasonicBumperBoard32\EWARM\UltrasonicBumperBoard32
#        Configuration\Obj\startup_stm32f303x8.o"
#        "C:\devel\Walter\Github\SonarBoard\Firmware\UltrasonicBumperBoard32\EWARM\UltrasonicBumperBoard32
#        Configuration\Obj\stm32f3xx_hal.o"
#        "C:\devel\Walter\Github\SonarBoard\Firmware\UltrasonicBumperBoard32\EWARM\UltrasonicBumperBoard32
#        Configuration\Obj\stm32f3xx_hal_cortex.o"
#        "C:\devel\Walter\Github\SonarBoard\Firmware\UltrasonicBumperBoard32\EWARM\UltrasonicBumperBoard32
#        Configuration\Obj\stm32f3xx_hal_dma.o"
#        "C:\devel\Walter\Github\SonarBoard\Firmware\UltrasonicBumperBoard32\EWARM\UltrasonicBumperBoard32
#        Configuration\Obj\stm32f3xx_hal_flash.o"
#        "C:\devel\Walter\Github\SonarBoard\Firmware\UltrasonicBumperBoard32\EWARM\UltrasonicBumperBoard32
#        Configuration\Obj\stm32f3xx_hal_flash_ex.o"
#        "C:\devel\Walter\Github\SonarBoard\Firmware\UltrasonicBumperBoard32\EWARM\UltrasonicBumperBoard32
#        Configuration\Obj\stm32f3xx_hal_gpio.o"
#        "C:\devel\Walter\Github\SonarBoard\Firmware\UltrasonicBumperBoard32\EWARM\UltrasonicBumperBoard32
#        Configuration\Obj\stm32f3xx_hal_msp.o"
#        "C:\devel\Walter\Github\SonarBoard\Firmware\UltrasonicBumperBoard32\EWARM\UltrasonicBumperBoard32
#        Configuration\Obj\stm32f3xx_hal_pwr.o"
#        "C:\devel\Walter\Github\SonarBoard\Firmware\UltrasonicBumperBoard32\EWARM\UltrasonicBumperBoard32
#        Configuration\Obj\stm32f3xx_hal_pwr_ex.o"
#        "C:\devel\Walter\Github\SonarBoard\Firmware\UltrasonicBumperBoard32\EWARM\UltrasonicBumperBoard32
#        Configuration\Obj\stm32f3xx_hal_rcc.o"
#        "C:\devel\Walter\Github\SonarBoard\Firmware\UltrasonicBumperBoard32\EWARM\UltrasonicBumperBoard32
#        Configuration\Obj\stm32f3xx_hal_rcc_ex.o"
#        "C:\devel\Walter\Github\SonarBoard\Firmware\UltrasonicBumperBoard32\EWARM\UltrasonicBumperBoard32
#        Configuration\Obj\stm32f3xx_hal_tim.o"
#        "C:\devel\Walter\Github\SonarBoard\Firmware\UltrasonicBumperBoard32\EWARM\UltrasonicBumperBoard32
#        Configuration\Obj\stm32f3xx_hal_tim_ex.o"
#        "C:\devel\Walter\Github\SonarBoard\Firmware\UltrasonicBumperBoard32\EWARM\UltrasonicBumperBoard32
#        Configuration\Obj\stm32f3xx_hal_uart.o"
#        "C:\devel\Walter\Github\SonarBoard\Firmware\UltrasonicBumperBoard32\EWARM\UltrasonicBumperBoard32
#        Configuration\Obj\stm32f3xx_hal_uart_ex.o"
#        "C:\devel\Walter\Github\SonarBoard\Firmware\UltrasonicBumperBoard32\EWARM\UltrasonicBumperBoard32
#        Configuration\Obj\stm32f3xx_it.o"
#        "C:\devel\Walter\Github\SonarBoard\Firmware\UltrasonicBumperBoard32\EWARM\UltrasonicBumperBoard32
#        Configuration\Obj\system_stm32f3xx.o"
#        "C:\devel\Walter\Github\SonarBoard\Firmware\UltrasonicBumperBoard32\EWARM\UltrasonicBumperBoard32
#        Configuration\Obj\tim.o"
#        "C:\devel\Walter\Github\SonarBoard\Firmware\UltrasonicBumperBoard32\EWARM\UltrasonicBumperBoard32
#        Configuration\Obj\tim_handler.o"
#        "C:\devel\Walter\Github\SonarBoard\Firmware\UltrasonicBumperBoard32\EWARM\UltrasonicBumperBoard32
#        Configuration\Obj\ultrasnd_handler.o"
#        "C:\devel\Walter\Github\SonarBoard\Firmware\UltrasonicBumperBoard32\EWARM\UltrasonicBumperBoard32
#        Configuration\Obj\usart.o" --redirect _Printf=_PrintfFull --redirect
#        _Scanf=_ScanfFull -o
#        "C:\devel\Walter\Github\SonarBoard\Firmware\UltrasonicBumperBoard32\EWARM\UltrasonicBumperBoard32
#        Configuration\Exe\UltrasonicBumperBoard32 Configuration.out" --map
#        "C:\devel\Walter\Github\SonarBoard\Firmware\UltrasonicBumperBoard32\EWARM\UltrasonicBumperBoard32
#        Configuration/List\UltrasonicBumperBoard32 Configuration.map" --config
#        C:\devel\Walter\Github\SonarBoard\Firmware\UltrasonicBumperBoard32\EWARM/stm32f303x8_flash.icf
#        --semihosting --entry __iar_program_start --vfe
#
###############################################################################

*******************************************************************************
*** RUNTIME MODEL ATTRIBUTES
***

CppFlavor       = *
__SystemLibrary = DLib


*******************************************************************************
*** PLACEMENT SUMMARY
***

"A1":  place at 0x08000000 { ro section .intvec };
"P1":  place in [from 0x08000000 to 0x0800ffff] { ro };
"P2":  place in [from 0x20000000 to 0x20002fff] { rw, block CSTACK, block HEAP };

  Section            Kind        Address    Size  Object
  -------            ----        -------    ----  ------
"A1":                                      0x188
  .intvec            ro code  0x08000000   0x188  startup_stm32f303x8.o [1]
                            - 0x08000188   0x188

"P1":                                     0x4100
  .text              ro code  0x08000188  0x14ec  stm32f3xx_hal_tim.o [1]
  .text              ro code  0x08001674   0x378  tim.o [1]
  .text              ro code  0x080019ec    0xe0  main.o [1]
  .text              ro code  0x08001acc    0xa4  tim_handler.o [1]
  .text              ro code  0x08001b70   0x664  stm32f3xx_hal_tim_ex.o [1]
  .text              ro code  0x080021d4   0x1c8  stm32f3xx_hal_cortex.o [1]
  .text              ro code  0x0800239c   0x2f8  stm32f3xx_hal_gpio.o [1]
  .text              ro code  0x08002694    0x74  stm32f3xx_hal.o [1]
  .text              ro code  0x08002708    0x60  gpio.o [1]
  .text              ro code  0x08002768    0x88  usart.o [1]
  .text              ro code  0x080027f0    0xf4  ultrasnd_handler.o [1]
  .text              ro code  0x080028e4    0x7c  ser_handler.o [1]
  .text              ro code  0x08002960   0x800  stm32f3xx_hal_rcc.o [1]
  .text              ro code  0x08003160   0x2a0  stm32f3xx_hal_rcc_ex.o [1]
  .text              ro code  0x08003400    0x14  leds_handler.o [1]
  .text              ro code  0x08003414    0x30  stm32f3xx_hal_msp.o [1]
  .text              ro code  0x08003444   0x88a  stm32f3xx_hal_uart.o [1]
  .text              ro code  0x08003cd0    0x4e  FltToDbl.o [4]
  .text              ro code  0x08003d20   0x1a2  DblMul.o [4]
  .text              ro code  0x08003ec4    0x90  DblToFlt.o [4]
  .text              ro code  0x08003f54    0x76  ABImemcpy_unaligned.o [5]
  .text              ro code  0x08003fcc     0x2  stm32f3xx_hal_uart_ex.o [1]
  .text              ro code  0x08003fd0    0x6c  system_stm32f3xx.o [1]
  .text              ro code  0x0800403c    0x58  stm32f3xx_it.o [1]
  .text              ro code  0x08004094    0x40  zero_init3.o [5]
  .text              ro code  0x080040d4    0x2c  copy_init3.o [5]
  .text              ro code  0x08004100    0x28  data_init.o [5]
  .text              ro code  0x08004128    0x22  fpinit_M.o [4]
  .iar.init_table    const    0x0800414c    0x24  - Linker created -
  .text              ro code  0x08004170    0x1a  cmain.o [5]
  .text              ro code  0x0800418a     0x4  low_level_init.o [3]
  .text              ro code  0x0800418e     0x4  exit.o [3]
  .text              ro code  0x08004194     0xa  cexit.o [5]
  .text              ro code  0x080041a0    0x14  exit.o [6]
  .text              ro code  0x080041b4    0x10  startup_stm32f303x8.o [1]
  .text              ro code  0x080041c4     0xc  cstartup_M.o [5]
  .text              ro code  0x080041d0     0x4  startup_stm32f303x8.o [1]
  .text              ro code  0x080041d4     0x4  startup_stm32f303x8.o [1]
  .text              ro code  0x080041d8     0x4  startup_stm32f303x8.o [1]
  .text              ro code  0x080041dc     0x4  startup_stm32f303x8.o [1]
  .text              ro code  0x080041e0     0x4  startup_stm32f303x8.o [1]
  .text              ro code  0x080041e4     0x4  startup_stm32f303x8.o [1]
  .text              ro code  0x080041e8     0x4  startup_stm32f303x8.o [1]
  .text              ro code  0x080041ec     0x4  startup_stm32f303x8.o [1]
  .text              ro code  0x080041f0     0x4  startup_stm32f303x8.o [1]
  .text              ro code  0x080041f4     0x4  startup_stm32f303x8.o [1]
  .text              ro code  0x080041f8     0x4  startup_stm32f303x8.o [1]
  .text              ro code  0x080041fc     0x4  startup_stm32f303x8.o [1]
  .text              ro code  0x08004200     0x4  startup_stm32f303x8.o [1]
  .text              ro code  0x08004204     0x4  startup_stm32f303x8.o [1]
  .text              ro code  0x08004208     0x4  startup_stm32f303x8.o [1]
  .text              ro code  0x0800420c     0x4  startup_stm32f303x8.o [1]
  .text              ro code  0x08004210     0x4  startup_stm32f303x8.o [1]
  .text              ro code  0x08004214     0x4  startup_stm32f303x8.o [1]
  .text              ro code  0x08004218     0x4  startup_stm32f303x8.o [1]
  .text              ro code  0x0800421c     0x4  startup_stm32f303x8.o [1]
  .text              ro code  0x08004220     0x4  startup_stm32f303x8.o [1]
  .text              ro code  0x08004224     0x4  startup_stm32f303x8.o [1]
  .text              ro code  0x08004228     0x4  startup_stm32f303x8.o [1]
  .text              ro code  0x0800422c     0x4  startup_stm32f303x8.o [1]
  .text              ro code  0x08004230     0x4  startup_stm32f303x8.o [1]
  .text              ro code  0x08004234     0x4  startup_stm32f303x8.o [1]
  .text              ro code  0x08004238     0x4  startup_stm32f303x8.o [1]
  .text              ro code  0x0800423c     0x4  startup_stm32f303x8.o [1]
  .text              ro code  0x08004240     0x4  startup_stm32f303x8.o [1]
  .text              ro code  0x08004244     0x4  startup_stm32f303x8.o [1]
  .text              ro code  0x08004248     0x4  startup_stm32f303x8.o [1]
  .text              ro code  0x0800424c     0x4  startup_stm32f303x8.o [1]
  .text              ro code  0x08004250     0x4  startup_stm32f303x8.o [1]
  .text              ro code  0x08004254     0x4  startup_stm32f303x8.o [1]
  .text              ro code  0x08004258     0x4  startup_stm32f303x8.o [1]
  .text              ro code  0x0800425c     0x4  startup_stm32f303x8.o [1]
  .text              ro code  0x08004260     0x4  startup_stm32f303x8.o [1]
  .text              ro code  0x08004264     0x4  startup_stm32f303x8.o [1]
  .text              ro code  0x08004268     0x4  startup_stm32f303x8.o [1]
  .text              ro code  0x0800426c     0x4  startup_stm32f303x8.o [1]
  .text              ro code  0x08004270     0x4  startup_stm32f303x8.o [1]
  .text              ro code  0x08004274     0x4  startup_stm32f303x8.o [1]
  .text              ro code  0x08004278     0x4  startup_stm32f303x8.o [1]
  .text              ro code  0x0800427c     0x4  startup_stm32f303x8.o [1]
  .text              ro code  0x08004280     0x4  startup_stm32f303x8.o [1]
  .rodata            const    0x08004284     0x0  zero_init3.o [5]
  .rodata            const    0x08004284     0x0  copy_init3.o [5]
  Initializer bytes  const    0x08004284     0x4  <for P2 s0>
                            - 0x08004288  0x4100

"P2":                                      0x680
  P2 s0                       0x20000000     0x4  <Init block>
    .data            inited   0x20000000     0x4  system_stm32f3xx.o [1]
  .bss               zero     0x20000004    0x70  usart.o [1]
  .bss               zero     0x20000074    0x3c  tim.o [1]
  .bss               zero     0x200000b0    0x3c  tim.o [1]
  .bss               zero     0x200000ec    0x3c  tim.o [1]
  .bss               zero     0x20000128    0x3c  tim.o [1]
  .bss               zero     0x20000164    0x3c  tim.o [1]
  .bss               zero     0x200001a0    0x3c  tim.o [1]
  .bss               zero     0x200001dc    0x3c  tim.o [1]
  .bss               zero     0x20000218    0x28  ultrasnd_handler.o [1]
  .bss               zero     0x20000240    0x20  ser_handler.o [1]
  .bss               zero     0x20000260    0x18  ultrasnd_handler.o [1]
  .bss               zero     0x20000278     0x4  stm32f3xx_hal.o [1]
  CSTACK                      0x20000280   0x400  <Block>
    CSTACK           uninit   0x20000280   0x400  <Block tail>
                            - 0x20000680   0x680


*******************************************************************************
*** INIT TABLE
***

          Address     Size
          -------     ----
Zero (__iar_zero_init3)
    1 destination range, total size 0x278:
          0x20000004  0x278

Copy (__iar_copy_init3)
    1 source range, total size 0x4:
          0x08004284    0x4
    1 destination range, total size 0x4:
          0x20000000    0x4



*******************************************************************************
*** MODULE SUMMARY
***

    Module                   ro code  ro data  rw data
    ------                   -------  -------  -------
C:\devel\Walter\Github\SonarBoard\Firmware\UltrasonicBumperBoard32\EWARM\UltrasonicBumperBoard32 Configuration\Obj: [1]
    gpio.o                        96
    leds_handler.o                20
    main.o                       224
    ser_handler.o                124                32
    startup_stm32f303x8.o        588
    stm32f3xx_hal.o              116                 4
    stm32f3xx_hal_cortex.o       456
    stm32f3xx_hal_gpio.o         760
    stm32f3xx_hal_msp.o           48
    stm32f3xx_hal_rcc.o        2 048
    stm32f3xx_hal_rcc_ex.o       672
    stm32f3xx_hal_tim.o        5 356
    stm32f3xx_hal_tim_ex.o     1 636
    stm32f3xx_hal_uart.o       2 186
    stm32f3xx_hal_uart_ex.o        2
    stm32f3xx_it.o                88
    system_stm32f3xx.o           108        4        4
    tim.o                        888               420
    tim_handler.o                164
    ultrasnd_handler.o           244                64
    usart.o                      136               112
    --------------------------------------------------
    Total:                    15 960        4      636

command line: [2]
    --------------------------------------------------
    Total:

dl7M_tlf.a: [3]
    exit.o                         4
    low_level_init.o               4
    --------------------------------------------------
    Total:                         8

m7M_tls.a: [4]
    DblMul.o                     418
    DblToFlt.o                   144
    FltToDbl.o                    78
    fpinit_M.o                    34
    --------------------------------------------------
    Total:                       674

rt7M_tl.a: [5]
    ABImemcpy_unaligned.o        118
    cexit.o                       10
    cmain.o                       26
    copy_init3.o                  44
    cstartup_M.o                  12
    data_init.o                   40
    zero_init3.o                  64
    --------------------------------------------------
    Total:                       314

shb_l.a: [6]
    exit.o                        20
    --------------------------------------------------
    Total:                        20

    Gaps                          14        2
    Linker created                         36    1 024
------------------------------------------------------
    Grand Total:              16 990       42    1 660


*******************************************************************************
*** ENTRY LIST
***

Entry                      Address   Size  Type      Object
-----                      -------   ----  ----      ------
.iar.init_table$$Base   0x0800414c          --   Gb  - Linker created -
.iar.init_table$$Limit  0x08004170          --   Gb  - Linker created -
?main                   0x08004171         Code  Gb  cmain.o [5]
CSTACK$$Base            0x20000280          --   Gb  - Linker created -
CSTACK$$Limit           0x20000680          --   Gb  - Linker created -
HAL_Delay               0x080026e9   0x18  Code  Wk  stm32f3xx_hal.o [1]
HAL_GPIO_Init           0x0800239d  0x240  Code  Gb  stm32f3xx_hal_gpio.o [1]
HAL_GetTick             0x080026e3    0x6  Code  Wk  stm32f3xx_hal.o [1]
HAL_IncTick             0x080026d9    0xa  Code  Wk  stm32f3xx_hal.o [1]
HAL_Init                0x08002695   0x20  Code  Gb  stm32f3xx_hal.o [1]
HAL_InitTick            0x080026b5   0x24  Code  Wk  stm32f3xx_hal.o [1]
HAL_MspInit             0x08003415   0x30  Code  Gb  stm32f3xx_hal_msp.o [1]
HAL_NVIC_EnableIRQ      0x08002285   0x18  Code  Gb  stm32f3xx_hal_cortex.o [1]
HAL_NVIC_SetPriority    0x08002225   0x60  Code  Gb  stm32f3xx_hal_cortex.o [1]
HAL_NVIC_SetPriorityGrouping
                        0x080021ef   0x36  Code  Gb  stm32f3xx_hal_cortex.o [1]
HAL_RCCEx_PeriphCLKConfig
                        0x08003161  0x20c  Code  Gb  stm32f3xx_hal_rcc_ex.o [1]
HAL_RCC_ClockConfig     0x08002d71  0x264  Code  Gb  stm32f3xx_hal_rcc.o [1]
HAL_RCC_GetHCLKFreq     0x0800304f   0x20  Code  Gb  stm32f3xx_hal_rcc.o [1]
HAL_RCC_GetPCLK1Freq    0x0800306f   0x10  Code  Gb  stm32f3xx_hal_rcc.o [1]
HAL_RCC_GetSysClockFreq
                        0x08003015   0x3a  Code  Gb  stm32f3xx_hal_rcc.o [1]
HAL_RCC_OscConfig       0x08002961  0x3d8  Code  Gb  stm32f3xx_hal_rcc.o [1]
HAL_SYSTICK_CLKSourceConfig
                        0x080022d5   0x24  Code  Gb  stm32f3xx_hal_cortex.o [1]
HAL_SYSTICK_Callback    0x0800231d    0x2  Code  Wk  stm32f3xx_hal_cortex.o [1]
HAL_SYSTICK_Config      0x080022ad   0x28  Code  Gb  stm32f3xx_hal_cortex.o [1]
HAL_SYSTICK_IRQHandler  0x08002315    0x8  Code  Gb  stm32f3xx_hal_cortex.o [1]
HAL_TIMEx_BreakCallback
                        0x0800207f    0x2  Code  Wk  stm32f3xx_hal_tim_ex.o [1]
HAL_TIMEx_CommutationCallback
                        0x0800207d    0x2  Code  Wk  stm32f3xx_hal_tim_ex.o [1]
HAL_TIMEx_ConfigBreakDeadTime
                        0x08001f1f  0x136  Code  Gb  stm32f3xx_hal_tim_ex.o [1]
HAL_TIMEx_MasterConfigSynchronization
                        0x08001df5  0x12a  Code  Gb  stm32f3xx_hal_tim_ex.o [1]
HAL_TIM_Base_Init       0x08000189   0x86  Code  Gb  stm32f3xx_hal_tim.o [1]
HAL_TIM_Base_MspInit    0x08001829  0x146  Code  Gb  tim.o [1]
HAL_TIM_Base_Start_IT   0x0800020f   0x50  Code  Gb  stm32f3xx_hal_tim.o [1]
HAL_TIM_ConfigClockSource
                        0x080009e5  0x348  Code  Gb  stm32f3xx_hal_tim.o [1]
HAL_TIM_IC_CaptureCallback
                        0x08001adb   0x76  Code  Gb  tim_handler.o [1]
HAL_TIM_IC_ConfigChannel
                        0x080007ed  0x1c8  Code  Gb  stm32f3xx_hal_tim.o [1]
HAL_TIM_IC_Init         0x08000425   0x8e  Code  Gb  stm32f3xx_hal_tim.o [1]
HAL_TIM_IC_MspInit      0x080004b9    0x2  Code  Wk  stm32f3xx_hal_tim.o [1]
HAL_TIM_IC_Start_IT     0x080004d9   0x9c  Code  Gb  stm32f3xx_hal_tim.o [1]
HAL_TIM_IRQHandler      0x0800069d  0x14a  Code  Gb  stm32f3xx_hal_tim.o [1]
HAL_TIM_OC_DelayElapsedCallback
                        0x08000ef3    0x2  Code  Wk  stm32f3xx_hal_tim.o [1]
HAL_TIM_OnePulse_Init   0x080005a5   0xc2  Code  Gb  stm32f3xx_hal_tim.o [1]
HAL_TIM_OnePulse_MspInit
                        0x08000675    0x2  Code  Wk  stm32f3xx_hal_tim.o [1]
HAL_TIM_PWM_ConfigChannel
                        0x08001b91  0x224  Code  Gb  stm32f3xx_hal_tim_ex.o [1]
HAL_TIM_PWM_Init        0x080002b7   0x88  Code  Gb  stm32f3xx_hal_tim.o [1]
HAL_TIM_PWM_MspInit     0x0800035b    0x2  Code  Wk  stm32f3xx_hal_tim.o [1]
HAL_TIM_PWM_PulseFinishedCallback
                        0x08000ef5    0x2  Code  Wk  stm32f3xx_hal_tim.o [1]
HAL_TIM_PWM_Start       0x0800035d   0x7a  Code  Gb  stm32f3xx_hal_tim.o [1]
HAL_TIM_PeriodElapsedCallback
                        0x08001acd    0xe  Code  Gb  tim_handler.o [1]
HAL_TIM_ReadCapturedValue
                        0x08000e27   0xca  Code  Gb  stm32f3xx_hal_tim.o [1]
HAL_TIM_SlaveConfigSynchronization
                        0x08000d65   0x8e  Code  Gb  stm32f3xx_hal_tim.o [1]
HAL_TIM_TriggerCallback
                        0x08000ef7    0x2  Code  Wk  stm32f3xx_hal_tim.o [1]
HAL_UARTEx_WakeupCallback
                        0x08003fcd    0x2  Code  Wk  stm32f3xx_hal_uart_ex.o [1]
HAL_UART_ErrorCallback  0x0800369f    0x2  Code  Wk  stm32f3xx_hal_uart.o [1]
HAL_UART_IRQHandler     0x080035a5   0xf6  Code  Gb  stm32f3xx_hal_uart.o [1]
HAL_UART_Init           0x08003445   0x70  Code  Gb  stm32f3xx_hal_uart.o [1]
HAL_UART_MspInit        0x0800278f   0x56  Code  Gb  usart.o [1]
HAL_UART_RxCpltCallback
                        0x0800369d    0x2  Code  Wk  stm32f3xx_hal_uart.o [1]
HAL_UART_Transmit       0x08003501   0x9e  Code  Gb  stm32f3xx_hal_uart.o [1]
HAL_UART_TxCpltCallback
                        0x0800369b    0x2  Code  Wk  stm32f3xx_hal_uart.o [1]
MX_GPIO_Init            0x08002709   0x60  Code  Gb  gpio.o [1]
MX_TIM15_Init           0x0800177f   0x14  Code  Gb  tim.o [1]
MX_TIM16_Init           0x080017a3    0x8  Code  Gb  tim.o [1]
MX_TIM17_Init           0x080017ab    0x6  Code  Gb  tim.o [1]
MX_TIM1_Init            0x08001675   0x46  Code  Gb  tim.o [1]
MX_TIM2_Init            0x080016bb    0xc  Code  Gb  tim.o [1]
MX_TIM3_Init            0x080016c7    0xa  Code  Gb  tim.o [1]
MX_TIM6_Init            0x0800174f   0x30  Code  Gb  tim.o [1]
MX_USART1_UART_Init     0x08002769   0x26  Code  Gb  usart.o [1]
NVIC_SetPriority        0x080021d5   0x1a  Code  Lc  stm32f3xx_hal_cortex.o [1]
Region$$Table$$Base     0x0800414c          --   Gb  - Linker created -
Region$$Table$$Limit    0x08004170          --   Gb  - Linker created -
SysTick_Handler         0x0800403d    0xe  Code  Gb  stm32f3xx_it.o [1]
SystemClock_Config      0x08001a51   0x7a  Code  Gb  main.o [1]
SystemCoreClock         0x20000000    0x4  Data  Gb  system_stm32f3xx.o [1]
SystemInit              0x08003fd1   0x52  Code  Gb  system_stm32f3xx.o [1]
TIM1_BRK_TIM15_IRQHandler
                        0x0800404b   0x12  Code  Gb  stm32f3xx_it.o [1]
TIM1_CC_IRQHandler      0x0800405d    0x6  Code  Gb  stm32f3xx_it.o [1]
TIM2_IRQHandler         0x08004063    0x6  Code  Gb  stm32f3xx_it.o [1]
TIM3_IRQHandler         0x08004069    0x6  Code  Gb  stm32f3xx_it.o [1]
TIM6_DAC1_IRQHandler    0x08004075    0x6  Code  Gb  stm32f3xx_it.o [1]
TIM_Base_SetConfig      0x08000ef9   0x74  Code  Gb  stm32f3xx_hal_tim.o [1]
TIM_CCxChannelCmd       0x08001563   0x70  Code  Gb  stm32f3xx_hal_tim.o [1]
TIM_ETR_SetConfig       0x0800154f   0x14  Code  Gb  stm32f3xx_hal_tim.o [1]
TIM_ITRx_SetConfig      0x0800153f   0x10  Code  Lc  stm32f3xx_hal_tim.o [1]
TIM_OC1_SetConfig       0x08000f75   0xb6  Code  Gb  stm32f3xx_hal_tim.o [1]
TIM_OC2_SetConfig       0x0800102d   0xa0  Code  Gb  stm32f3xx_hal_tim.o [1]
TIM_OC3_SetConfig       0x080010db   0x9e  Code  Gb  stm32f3xx_hal_tim.o [1]
TIM_OC4_SetConfig       0x08001195   0x66  Code  Gb  stm32f3xx_hal_tim.o [1]
TIM_OC5_SetConfig       0x08002081   0x48  Code  Lc  stm32f3xx_hal_tim_ex.o [1]
TIM_OC6_SetConfig       0x080020c9   0x4a  Code  Lc  stm32f3xx_hal_tim_ex.o [1]
TIM_SlaveTimer_SetConfig
                        0x08001219  0x23a  Code  Lc  stm32f3xx_hal_tim.o [1]
TIM_TI1_ConfigInputStage
                        0x080014c5   0x22  Code  Lc  stm32f3xx_hal_tim.o [1]
TIM_TI1_SetConfig       0x08001461   0x4e  Code  Gb  stm32f3xx_hal_tim.o [1]
TIM_TI2_ConfigInputStage
                        0x0800151b   0x24  Code  Lc  stm32f3xx_hal_tim.o [1]
TIM_TI2_SetConfig       0x080014e7   0x34  Code  Lc  stm32f3xx_hal_tim.o [1]
UART_AdvFeatureConfig   0x080038b3  0x1ac  Code  Gb  stm32f3xx_hal_uart.o [1]
UART_CheckIdleState     0x08003ae3   0x4a  Code  Gb  stm32f3xx_hal_uart.o [1]
UART_EndTransmit_IT     0x08003c27   0x24  Code  Gb  stm32f3xx_hal_uart.o [1]
UART_Receive_IT         0x08003c4b   0x84  Code  Gb  stm32f3xx_hal_uart.o [1]
UART_SetConfig          0x080036a1  0x1ec  Code  Gb  stm32f3xx_hal_uart.o [1]
UART_Transmit_IT        0x08003bc1   0x66  Code  Gb  stm32f3xx_hal_uart.o [1]
UART_WaitOnFlagUntilTimeout
                        0x08003b2d   0x94  Code  Gb  stm32f3xx_hal_uart.o [1]
USART1_IRQHandler       0x0800406f    0x6  Code  Gb  stm32f3xx_it.o [1]
__aeabi_d2f             0x08003ec5         Code  Gb  DblToFlt.o [4]
__aeabi_dmul            0x08003d21         Code  Gb  DblMul.o [4]
__aeabi_f2d             0x08003cd1         Code  Gb  FltToDbl.o [4]
__cmain                 0x08004171         Code  Gb  cmain.o [5]
__exit                  0x080041a1   0x14  Code  Gb  exit.o [6]
__iar_copy_init3        0x080040d5   0x2c  Code  Gb  copy_init3.o [5]
__iar_data_init3        0x08004101   0x28  Code  Gb  data_init.o [5]
__iar_init_vfp          0x08004129         Code  Gb  fpinit_M.o [4]
__iar_program_start     0x080041c5         Code  Gb  cstartup_M.o [5]
__iar_unaligned___aeabi_memcpy
                        0x08003f55         Code  Gb  ABImemcpy_unaligned.o [5]
__iar_unaligned___aeabi_memcpy4
                        0x08003f75         Code  Gb  ABImemcpy_unaligned.o [5]
__iar_unaligned___aeabi_memcpy8
                        0x08003f75         Code  Gb  ABImemcpy_unaligned.o [5]
__iar_zero_init3        0x08004095   0x40  Code  Gb  zero_init3.o [5]
__low_level_init        0x0800418b    0x4  Code  Gb  low_level_init.o [3]
__vector_table          0x08000000         Data  Gb  startup_stm32f303x8.o [1]
_call_main              0x0800417d         Code  Gb  cmain.o [5]
_exit                   0x08004195         Code  Gb  cexit.o [5]
_main                   0x08004187         Code  Gb  cmain.o [5]
aAPBAHBPrescTable       0x08003130   0x10  Data  Gb  stm32f3xx_hal_rcc.o [1]
aPLLMULFactorTable      0x08003140   0x10  Data  Gb  stm32f3xx_hal_rcc.o [1]
aPredivFactorTable      0x08003150   0x10  Data  Gb  stm32f3xx_hal_rcc.o [1]
assert_failed           0x08001acb    0x2  Code  Gb  main.o [1]
convertMeasures         0x0800287d   0x3a  Code  Gb  ultrasnd_handler.o [1]
distValid               0x20000218    0x4  Data  Gb  ultrasnd_handler.o [1]
distances               0x20000220   0x10  Data  Gb  ultrasnd_handler.o [1]
echo_duration           0x20000230   0x10  Data  Gb  ultrasnd_handler.o [1]
elapsed_tick            0x20000260   0x10  Data  Gb  ultrasnd_handler.o [1]
exit                    0x0800418f    0x4  Code  Gb  exit.o [3]
htim1                   0x20000074   0x3c  Data  Gb  tim.o [1]
htim15                  0x20000164   0x3c  Data  Gb  tim.o [1]
htim16                  0x200001a0   0x3c  Data  Gb  tim.o [1]
htim17                  0x200001dc   0x3c  Data  Gb  tim.o [1]
htim2                   0x200000b0   0x3c  Data  Gb  tim.o [1]
htim3                   0x200000ec   0x3c  Data  Gb  tim.o [1]
htim6                   0x20000128   0x3c  Data  Gb  tim.o [1]
huart1                  0x20000004   0x70  Data  Gb  usart.o [1]
initSerOutput           0x080028e5   0x18  Code  Gb  ser_handler.o [1]
initSonar               0x080027f1   0x56  Code  Gb  ultrasnd_handler.o [1]
main                    0x080019ed   0x60  Code  Gb  main.o [1]
sendMeasures            0x080028fd   0x46  Code  Gb  ser_handler.o [1]
ser_output              0x20000240   0x20  Data  Lc  ser_handler.o [1]
sonarCount              0x2000021c    0x4  Data  Gb  ultrasnd_handler.o [1]
toggleLedNucleo         0x08003401    0xc  Code  Gb  leds_handler.o [1]
triggerSonar            0x08002847   0x36  Code  Gb  ultrasnd_handler.o [1]
trigger_tick            0x20000270    0x8  Data  Gb  ultrasnd_handler.o [1]
uwTick                  0x20000278    0x4  Data  Lc  stm32f3xx_hal.o [1]


[1] = C:\devel\Walter\Github\SonarBoard\Firmware\UltrasonicBumperBoard32\EWARM\UltrasonicBumperBoard32 Configuration\Obj
[2] = command line
[3] = dl7M_tlf.a
[4] = m7M_tls.a
[5] = rt7M_tl.a
[6] = shb_l.a

  16 990 bytes of readonly  code memory
      42 bytes of readonly  data memory
   1 660 bytes of readwrite data memory

Errors: none
Warnings: none
